Archive member included to satisfy reference by file (symbol)

C:/nxp/MCUXpressoIDE_11.10.0_3148/ide/plugins/com.nxp.mcuxpresso.tools.win32_11.10.0.202311280810/tools/bin/../lib/gcc/arm-none-eabi/13.2.1/../../../../arm-none-eabi/lib/thumb/v8-m.main/nofp\libcr_nohost_nf.a(_cr__main.o)
                              ./startup/startup_mcxa153.o (__main)
C:/nxp/MCUXpressoIDE_11.10.0_3148/ide/plugins/com.nxp.mcuxpresso.tools.win32_11.10.0.202311280810/tools/bin/../lib/gcc/arm-none-eabi/13.2.1/../../../../arm-none-eabi/lib/thumb/v8-m.main/nofp\libcr_c.a(memset.o)
                              ./drivers/fsl_lpi2c.o (memset)
C:/nxp/MCUXpressoIDE_11.10.0_3148/ide/plugins/com.nxp.mcuxpresso.tools.win32_11.10.0.202311280810/tools/bin/../lib/gcc/arm-none-eabi/13.2.1/../../../../arm-none-eabi/lib/thumb/v8-m.main/nofp\libcr_c.a(alloc.o)
                              ./drivers/fsl_common.o (malloc)
C:/nxp/MCUXpressoIDE_11.10.0_3148/ide/plugins/com.nxp.mcuxpresso.tools.win32_11.10.0.202311280810/tools/bin/../lib/gcc/arm-none-eabi/13.2.1/../../../../arm-none-eabi/lib/thumb/v8-m.main/nofp\libcr_c.a(errno.o)
                              ./utilities/fsl_str.o (errno)
C:/nxp/MCUXpressoIDE_11.10.0_3148/ide/plugins/com.nxp.mcuxpresso.tools.win32_11.10.0.202311280810/tools/bin/../lib/gcc/arm-none-eabi/13.2.1/../../../../arm-none-eabi/lib/thumb/v8-m.main/nofp\libcr_c.a(initio.o)
                              C:/nxp/MCUXpressoIDE_11.10.0_3148/ide/plugins/com.nxp.mcuxpresso.tools.win32_11.10.0.202311280810/tools/bin/../lib/gcc/arm-none-eabi/13.2.1/../../../../arm-none-eabi/lib/thumb/v8-m.main/nofp\libcr_nohost_nf.a(_cr__main.o) (_initio)
C:/nxp/MCUXpressoIDE_11.10.0_3148/ide/plugins/com.nxp.mcuxpresso.tools.win32_11.10.0.202311280810/tools/bin/../lib/gcc/arm-none-eabi/13.2.1/../../../../arm-none-eabi/lib/thumb/v8-m.main/nofp\libcr_c.a(scanf.o)
                              ./utilities/fsl_str.o (strtoul)
C:/nxp/MCUXpressoIDE_11.10.0_3148/ide/plugins/com.nxp.mcuxpresso.tools.win32_11.10.0.202311280810/tools/bin/../lib/gcc/arm-none-eabi/13.2.1/../../../../arm-none-eabi/lib/thumb/v8-m.main/nofp\libcr_c.a(setvbuf.o)
                              C:/nxp/MCUXpressoIDE_11.10.0_3148/ide/plugins/com.nxp.mcuxpresso.tools.win32_11.10.0.202311280810/tools/bin/../lib/gcc/arm-none-eabi/13.2.1/../../../../arm-none-eabi/lib/thumb/v8-m.main/nofp\libcr_c.a(initio.o) (setvbuf)
C:/nxp/MCUXpressoIDE_11.10.0_3148/ide/plugins/com.nxp.mcuxpresso.tools.win32_11.10.0.202311280810/tools/bin/../lib/gcc/arm-none-eabi/13.2.1/../../../../arm-none-eabi/lib/thumb/v8-m.main/nofp\libcr_c.a(strlen.o)
                              ./utilities/fsl_debug_console.o (strlen)
C:/nxp/MCUXpressoIDE_11.10.0_3148/ide/plugins/com.nxp.mcuxpresso.tools.win32_11.10.0.202311280810/tools/bin/../lib/gcc/arm-none-eabi/13.2.1/../../../../arm-none-eabi/lib/thumb/v8-m.main/nofp\libcr_c.a(ungetc.o)
                              C:/nxp/MCUXpressoIDE_11.10.0_3148/ide/plugins/com.nxp.mcuxpresso.tools.win32_11.10.0.202311280810/tools/bin/../lib/gcc/arm-none-eabi/13.2.1/../../../../arm-none-eabi/lib/thumb/v8-m.main/nofp\libcr_c.a(scanf.o) (ungetc)
C:/nxp/MCUXpressoIDE_11.10.0_3148/ide/plugins/com.nxp.mcuxpresso.tools.win32_11.10.0.202311280810/tools/bin/../lib/gcc/arm-none-eabi/13.2.1/../../../../arm-none-eabi/lib/thumb/v8-m.main/nofp\libcr_c.a(__fillbuf.o)
                              C:/nxp/MCUXpressoIDE_11.10.0_3148/ide/plugins/com.nxp.mcuxpresso.tools.win32_11.10.0.202311280810/tools/bin/../lib/gcc/arm-none-eabi/13.2.1/../../../../arm-none-eabi/lib/thumb/v8-m.main/nofp\libcr_c.a(scanf.o) (__filbuf)
C:/nxp/MCUXpressoIDE_11.10.0_3148/ide/plugins/com.nxp.mcuxpresso.tools.win32_11.10.0.202311280810/tools/bin/../lib/gcc/arm-none-eabi/13.2.1/../../../../arm-none-eabi/lib/thumb/v8-m.main/nofp\libcr_c.a(__init_alloc.o)
                              C:/nxp/MCUXpressoIDE_11.10.0_3148/ide/plugins/com.nxp.mcuxpresso.tools.win32_11.10.0.202311280810/tools/bin/../lib/gcc/arm-none-eabi/13.2.1/../../../../arm-none-eabi/lib/thumb/v8-m.main/nofp\libcr_c.a(alloc.o) (__heaps)
C:/nxp/MCUXpressoIDE_11.10.0_3148/ide/plugins/com.nxp.mcuxpresso.tools.win32_11.10.0.202311280810/tools/bin/../lib/gcc/arm-none-eabi/13.2.1/../../../../arm-none-eabi/lib/thumb/v8-m.main/nofp\libcr_c.a(_cr_sbrk.o)
                              C:/nxp/MCUXpressoIDE_11.10.0_3148/ide/plugins/com.nxp.mcuxpresso.tools.win32_11.10.0.202311280810/tools/bin/../lib/gcc/arm-none-eabi/13.2.1/../../../../arm-none-eabi/lib/thumb/v8-m.main/nofp\libcr_c.a(alloc.o) (_sbrk)
C:/nxp/MCUXpressoIDE_11.10.0_3148/ide/plugins/com.nxp.mcuxpresso.tools.win32_11.10.0.202311280810/tools/bin/../lib/gcc/arm-none-eabi/13.2.1/../../../../arm-none-eabi/lib/thumb/v8-m.main/nofp\libcr_c.a(_deferredlazyseek.o)
                              C:/nxp/MCUXpressoIDE_11.10.0_3148/ide/plugins/com.nxp.mcuxpresso.tools.win32_11.10.0.202311280810/tools/bin/../lib/gcc/arm-none-eabi/13.2.1/../../../../arm-none-eabi/lib/thumb/v8-m.main/nofp\libcr_c.a(__fillbuf.o) (_deferredlazyseek)
[...]
Memory Configuration

Name             Origin             Length             Attributes
PROGRAM_FLASH    0x00000000         0x00020000         xr
SRAM             0x20000000         0x00006000         xrw
SRAMX0           0x04000000         0x00002000         xrw
SRAMX1           0x04002000         0x00001000         xrw
*default*        0x00000000         0xffffffff

Linker script and memory map

LOAD ./utilities/fsl_assert.o
LOAD ./utilities/fsl_debug_console.o
LOAD ./utilities/fsl_memcpy.o
LOAD ./utilities/fsl_str.o
LOAD ./startup/startup_mcxa153.o
LOAD ./source/lpi2c_polling_b2b_master.o
LOAD ./source/semihost_hardfault.o
LOAD ./drivers/fsl_clock.o
LOAD ./drivers/fsl_common.o
LOAD ./drivers/fsl_common_arm.o
LOAD ./drivers/fsl_gpio.o
LOAD ./drivers/fsl_lpi2c.o
LOAD ./drivers/fsl_lpuart.o
LOAD ./drivers/fsl_reset.o
LOAD ./drivers/fsl_spc.o
LOAD ./drivers/i2c_common.o
LOAD ./device/system_MCXA153.o
LOAD ./component/uart/fsl_adapter_lpuart.o
LOAD ./component/lists/fsl_component_generic_list.o
LOAD ./board/board.o
LOAD ./board/clock_config.o
LOAD ./board/pin_mux.o
LOAD ./CMSIS/usb_pdo.o
START GROUP
LOAD C:/nxp/MCUXpressoIDE_11.10.0_3148/ide/plugins/com.nxp.mcuxpresso.tools.win32_11.10.0.202311280810/tools/bin/../lib/gcc/arm-none-eabi/13.2.1/../../../../arm-none-eabi/lib/thumb/v8-m.main/nofp\libcr_nohost_nf.a
LOAD C:/nxp/MCUXpressoIDE_11.10.0_3148/ide/plugins/com.nxp.mcuxpresso.tools.win32_11.10.0.202311280810/tools/bin/../lib/gcc/arm-none-eabi/13.2.1/../../../../arm-none-eabi/lib/thumb/v8-m.main/nofp\libcr_c.a
LOAD C:/nxp/MCUXpressoIDE_11.10.0_3148/ide/plugins/com.nxp.mcuxpresso.tools.win32_11.10.0.202311280810/tools/bin/../lib/gcc/arm-none-eabi/13.2.1/thumb/v8-m.main/nofp\libcr_eabihelpers.a
LOAD C:/nxp/MCUXpressoIDE_11.10.0_3148/ide/plugins/com.nxp.mcuxpresso.tools.win32_11.10.0.202311280810/tools/bin/../lib/gcc/arm-none-eabi/13.2.1/thumb/v8-m.main/nofp\libgcc.a
END GROUP
                0x00000000                        __base_PROGRAM_FLASH = 0x0
                0x00000000                        __base_Flash = 0x0
                0x00020000                        __top_PROGRAM_FLASH = 0x20000
                0x00020000                        __top_Flash = 0x20000
                0x20000000                        __base_SRAM = 0x20000000
                0x20000000                        __base_RAM = 0x20000000
                0x20006000                        __top_SRAM = 0x20006000
                0x20006000                        __top_RAM = 0x20006000
                0x04000000                        __base_SRAMX0 = 0x4000000
                0x04000000                        __base_RAM2 = 0x4000000
                0x04002000                        __top_SRAMX0 = 0x4002000
                0x04002000                        __top_RAM2 = 0x4002000
                0x04002000                        __base_SRAMX1 = 0x4002000
                0x04002000                        __base_RAM3 = 0x4002000
                0x04003000                        __top_SRAMX1 = 0x4003000
                0x04003000                        __top_RAM3 = 0x4003000

.text           0x00000000     0x42fc
 FILL mask 0xff
                0x00000000                        __vectors_start__ = ABSOLUTE (.)
 *(SORT_BY_ALIGNMENT(.isr_vector))
 .isr_vector    0x00000000      0x16c ./startup/startup_mcxa153.o
                0x00000000                g_pfnVectors
                0x00000000                __Vectors
                0x0000016c                        . = ALIGN (0x4)
                0x0000016c                        __section_table_start = .
                0x0000016c                        __data_section_table = .
                0x0000016c        0x4 LONG 0x42fc LOADADDR (.data)
                0x00000170        0x4 LONG 0x20000000 ADDR (.data)
                0x00000174        0x4 LONG 0xc SIZEOF (.data)
                0x00000178        0x4 LONG 0x42fc LOADADDR (.data_RAM2)
                0x0000017c        0x4 LONG 0x4000000 ADDR (.data_RAM2)
                0x00000180        0x4 LONG 0x0 SIZEOF (.data_RAM2)
                0x00000184        0x4 LONG 0x42fc LOADADDR (.data_RAM3)
                0x00000188        0x4 LONG 0x4002000 ADDR (.data_RAM3)
                0x0000018c        0x4 LONG 0x0 SIZEOF (.data_RAM3)
                0x00000190                        __data_section_table_end = .
                0x00000190                        __bss_section_table = .
                0x00000190        0x4 LONG 0x2000000c ADDR (.bss)
                0x00000194        0x4 LONG 0xf4 SIZEOF (.bss)
                0x00000198        0x4 LONG 0x4000000 ADDR (.bss_RAM2)
                0x0000019c        0x4 LONG 0x0 SIZEOF (.bss_RAM2)
                0x000001a0        0x4 LONG 0x4002000 ADDR (.bss_RAM3)
                0x000001a4        0x4 LONG 0x0 SIZEOF (.bss_RAM3)
                0x000001a8                        __bss_section_table_end = .
                0x000001a8                        __section_table_end = .
 *(SORT_BY_ALIGNMENT(.after_vectors*))
 .after_vectors.reset
                0x000001a8       0x68 ./startup/startup_mcxa153.o
                0x000001a8                ResetISR
 .after_vectors.init_data
                0x00000210       0x1c ./startup/startup_mcxa153.o
                0x00000210                data_init
 .after_vectors.init_bss
                0x0000022c       0x12 ./startup/startup_mcxa153.o
                0x0000022c                bss_init
 .after_vectors
                0x0000023e       0x16 ./startup/startup_mcxa153.o
                0x0000023e                NMI_Handler
                0x00000242                MemManage_Handler
                0x00000244                BusFault_Handler
                0x00000246                UsageFault_Handler
                0x00000248                SecureFault_Handler
                0x0000024a                SVC_Handler
                0x0000024c                DebugMon_Handler
                0x0000024e                PendSV_Handler
                0x00000252                LPTMR0_DriverIRQHandler
                0x00000252                FLEXPWM0_SUBMODULE1_DriverIRQHandler
                0x00000252                MBC0_DriverIRQHandler
                0x00000252                WAKETIMER0_DriverIRQHandler
                0x00000252                I3C0_DriverIRQHandler
                0x00000252                FLEXPWM0_RELOAD_ERROR_DriverIRQHandler
                0x00000252                QDC0_HOME_DriverIRQHandler
                0x00000252                Reserved82_DriverIRQHandler
                0x00000252                QDC0_WATCHDOG_DriverIRQHandler
                0x00000252                ERM0_MULTI_BIT_DriverIRQHandler
                0x00000252                Reserved36_DriverIRQHandler
                0x00000252                CTIMER2_DriverIRQHandler
                0x00000252                Reserved33_DriverIRQHandler
                0x00000252                CMP1_DriverIRQHandler
                0x00000252                IntDefaultHandler
                0x00000252                USB0_DriverIRQHandler
                0x00000252                QDC0_INDEX_DriverIRQHandler
                0x00000252                UTICK0_DriverIRQHandler
                0x00000252                Reserved41_DriverIRQHandler
                0x00000252                Reserved39_DriverIRQHandler
                0x00000252                WWDT0_DriverIRQHandler
                0x00000252                Reserved84_DriverIRQHandler
                0x00000252                FLEXPWM0_FAULT_DriverIRQHandler
                0x00000252                GPIO0_DriverIRQHandler
                0x00000252                Reserved38_DriverIRQHandler
                0x00000252                FREQME0_DriverIRQHandler
                0x00000252                Reserved22_DriverIRQHandler
                0x00000252                Reserved53_DriverIRQHandler
                0x00000252                Reserved35_DriverIRQHandler
                0x00000252                CTIMER0_DriverIRQHandler
                0x00000252                Reserved79_DriverIRQHandler
                0x00000252                Reserved24_DriverIRQHandler
                0x00000252                CTIMER1_DriverIRQHandler
                0x00000252                QDC0_COMPARE_DriverIRQHandler
                0x00000252                WUU0_DriverIRQHandler
                0x00000252                LPSPI0_DriverIRQHandler
                0x00000252                DMA_CH3_DriverIRQHandler
                0x00000252                Reserved83_DriverIRQHandler
                0x00000252                Reserved72_DriverIRQHandler
                0x00000252                Reserved23_DriverIRQHandler
                0x00000252                Reserved65_DriverIRQHandler
                0x00000252                ERM0_SINGLE_BIT_DriverIRQHandler
                0x00000252                DMA_CH2_DriverIRQHandler
                0x00000252                CMC_DriverIRQHandler
                0x00000252                Reserved51_DriverIRQHandler
                0x00000252                Reserved25_DriverIRQHandler
                0x00000252                FLEXPWM0_SUBMODULE2_DriverIRQHandler
                0x00000252                FMU0_DriverIRQHandler
                0x00000252                LPSPI1_DriverIRQHandler
                0x00000252                Reserved77_DriverIRQHandler
                0x00000252                Reserved16_DriverIRQHandler
                0x00000252                GPIO2_DriverIRQHandler
                0x00000252                Reserved85_DriverIRQHandler
                0x00000252                ADC0_DriverIRQHandler
                0x00000252                CMP0_DriverIRQHandler
                0x00000252                CDOG0_DriverIRQHandler
                0x00000252                Reserved59_DriverIRQHandler
                0x00000252                DMA_CH0_DriverIRQHandler
                0x00000252                Reserved58_DriverIRQHandler
                0x00000252                DMA_CH1_DriverIRQHandler
                0x00000252                SPC0_DriverIRQHandler
                0x00000252                GLIKEY0_DriverIRQHandler
                0x00000252                Reserved43_DriverIRQHandler
                0x00000252                Reserved46_DriverIRQHandler
                0x00000252                Reserved37_DriverIRQHandler
                0x00000252                Reserved86_DriverIRQHandler
                0x00000252                GPIO1_DriverIRQHandler
                0x00000252                FLEXPWM0_SUBMODULE0_DriverIRQHandler
                0x00000252                Reserved50_DriverIRQHandler
                0x00000252                OS_EVENT_DriverIRQHandler
                0x00000252                SCG0_DriverIRQHandler
                0x00000252                GPIO3_DriverIRQHandler
 *(SORT_BY_ALIGNMENT(.text*))
 .text.__assertion_failed
                0x00000254       0x2c ./utilities/fsl_assert.o
                0x00000254                __assertion_failed
 .text.DbgConsole_Init
                0x00000280       0x88 ./utilities/fsl_debug_console.o
                0x00000280                DbgConsole_Init
 .text.DbgConsole_Vprintf
                0x00000308       0x3c ./utilities/fsl_debug_console.o
                0x00000308                DbgConsole_Vprintf
 .text.DbgConsole_Putchar
                0x00000344       0x30 ./utilities/fsl_debug_console.o
                0x00000344                DbgConsole_Putchar
 .text.DbgConsole_PrintfFormattedData
                0x00000374      0x3e0 ./utilities/fsl_debug_console.o
 .text          0x00000754       0xa0 ./utilities/fsl_memcpy.o
                0x00000754                memcpy
 .text.__NVIC_SetPriority
                0x000007f4       0x54 ./source/lpi2c_polling_b2b_master.o
 .text.SysTick_Config
                0x00000848       0x44 ./source/lpi2c_polling_b2b_master.o
 .text.SysTick_Handler
                0x0000088c       0x24 ./source/lpi2c_polling_b2b_master.o
                0x0000088c                SysTick_Handler
 .text.SystickSetDelay
                0x000008b0       0x28 ./source/lpi2c_polling_b2b_master.o
                0x000008b0                SystickSetDelay
 .text.main     0x000008d8      0x300 ./source/lpi2c_polling_b2b_master.o
                0x000008d8                main
 .text.CLOCK_SetClockSelect
                0x00000bd8       0x94 ./drivers/fsl_clock.o
                0x00000bd8                CLOCK_SetClockSelect
 .text.CLOCK_SetClockDiv
                0x00000c6c       0x7c ./drivers/fsl_clock.o
                0x00000c6c                CLOCK_SetClockDiv
 .text.CLOCK_SetupFROHFClocking
                0x00000ce8       0xf4 ./drivers/fsl_clock.o
                0x00000ce8                CLOCK_SetupFROHFClocking
 .text.CLOCK_SetupFRO12MClocking
                0x00000ddc       0x54 ./drivers/fsl_clock.o
                0x00000ddc                CLOCK_SetupFRO12MClocking
 .text.CLOCK_GetFro12MFreq
                0x00000e30       0x28 ./drivers/fsl_clock.o
 .text.CLOCK_GetClk1MFreq
                0x00000e58       0x14 ./drivers/fsl_clock.o
 .text.CLOCK_GetFroHfFreq
                0x00000e6c       0xc0 ./drivers/fsl_clock.o
 .text.CLOCK_GetClk16KFreq
                0x00000f2c       0x44 ./drivers/fsl_clock.o
 .text.CLOCK_GetExtClkFreq
                0x00000f70       0x2c ./drivers/fsl_clock.o
 .text.CLOCK_GetMainClk
                0x00000f9c       0x68 ./drivers/fsl_clock.o
                0x00000f9c                CLOCK_GetMainClk
 .text.CLOCK_GetCoreSysClkFreq
                0x00001004       0x20 ./drivers/fsl_clock.o
                0x00001004                CLOCK_GetCoreSysClkFreq
 .text.CLOCK_GetLpi2cClkFreq
                0x00001024       0xa0 ./drivers/fsl_clock.o
                0x00001024                CLOCK_GetLpi2cClkFreq
 .text.CLOCK_EnableClock
                0x000010c4       0x88 ./drivers/fsl_lpi2c.o
 .text.LPI2C_GetInstance
                0x0000114c       0x44 ./drivers/fsl_lpi2c.o
                0x0000114c                LPI2C_GetInstance
 .text.LPI2C_GetCyclesForWidth
                0x00001190       0x9c ./drivers/fsl_lpi2c.o
 .text.LPI2C_MasterGetDefaultConfig
                0x0000122c       0x6c ./drivers/fsl_lpi2c.o
                0x0000122c                LPI2C_MasterGetDefaultConfig
 .text.LPI2C_MasterInit
                0x00001298      0x1e0 ./drivers/fsl_lpi2c.o
                0x00001298                LPI2C_MasterInit
 .text.LPI2C_MasterSetBaudRate
                0x00001478      0x2c4 ./drivers/fsl_lpi2c.o
                0x00001478                LPI2C_MasterSetBaudRate
 .text.LPI2C_MasterReceive
                0x0000173c       0xd8 ./drivers/fsl_lpi2c.o
                0x0000173c                LPI2C_MasterReceive
 .text.LPI2C_MasterSend
                0x00001814       0x58 ./drivers/fsl_lpi2c.o
                0x00001814                LPI2C_MasterSend
 .text.LPI2C_CommonIRQHandler
                0x0000186c       0x70 ./drivers/fsl_lpi2c.o
 .text.LPI2C0_DriverIRQHandler
                0x000018dc       0x14 ./drivers/fsl_lpi2c.o
                0x000018dc                LPI2C0_DriverIRQHandler
 .text.CLOCK_EnableClock
                0x000018f0       0x88 ./drivers/fsl_lpuart.o
 .text.LPUART_GetInstance
                0x00001978       0x4c ./drivers/fsl_lpuart.o
                0x00001978                LPUART_GetInstance
 .text.LPUART_Init
                0x000019c4      0x324 ./drivers/fsl_lpuart.o
                0x000019c4                LPUART_Init
 .text.LPUART_GetDefaultConfig
                0x00001ce8       0x88 ./drivers/fsl_lpuart.o
                0x00001ce8                LPUART_GetDefaultConfig
 .text.LPUART_GetStatusFlags
                0x00001d70       0x38 ./drivers/fsl_lpuart.o
                0x00001d70                LPUART_GetStatusFlags
 .text.LPUART_ClearStatusFlags
                0x00001da8       0x7c ./drivers/fsl_lpuart.o
                0x00001da8                LPUART_ClearStatusFlags
 .text.LPUART_WriteBlocking
                0x00001e24       0x68 ./drivers/fsl_lpuart.o
                0x00001e24                LPUART_WriteBlocking
 .text.LPUART_ReadBlocking
                0x00001e8c      0x160 ./drivers/fsl_lpuart.o
                0x00001e8c                LPUART_ReadBlocking
 .text.LPUART0_DriverIRQHandler
                0x00001fec       0x24 ./drivers/fsl_lpuart.o
                0x00001fec                LPUART0_DriverIRQHandler
 .text.LPUART1_DriverIRQHandler
                0x00002010       0x24 ./drivers/fsl_lpuart.o
                0x00002010                LPUART1_DriverIRQHandler
 .text.LPUART2_DriverIRQHandler
                0x00002034       0x24 ./drivers/fsl_lpuart.o
                0x00002034                LPUART2_DriverIRQHandler
 .text.RESET_SetPeripheralReset
                0x00002058       0xb4 ./drivers/fsl_reset.o
                0x00002058                RESET_SetPeripheralReset
 .text.RESET_ClearPeripheralReset
                0x0000210c       0x98 ./drivers/fsl_reset.o
                0x0000210c                RESET_ClearPeripheralReset
 .text.SPC_SetSRAMOperateVoltage
                0x000021a4       0x64 ./drivers/fsl_spc.o
                0x000021a4                SPC_SetSRAMOperateVoltage
 .text.SPC_SetActiveModeCoreLDORegulatorConfig
                0x00002208       0x94 ./drivers/fsl_spc.o
                0x00002208                SPC_SetActiveModeCoreLDORegulatorConfig
 .text.I2CWriteRegister
                0x0000229c       0xc8 ./drivers/i2c_common.o
                0x0000229c                I2CWriteRegister
 .text.I2CReadRegister
                0x00002364       0xf4 ./drivers/i2c_common.o
                0x00002364                I2CReadRegister
 .text.SystemInit
                0x00002458      0x10c ./device/system_MCXA153.o
                0x00002458                SystemInit
 .text.HAL_UartInitCommon
                0x00002564       0xe0 ./component/uart/fsl_adapter_lpuart.o
 .text.HAL_UartInit
                0x00002644       0x84 ./component/uart/fsl_adapter_lpuart.o
                0x00002644                HAL_UartInit
 .text.HAL_UartReceiveBlocking
                0x000026c8       0x6c ./component/uart/fsl_adapter_lpuart.o
                0x000026c8                HAL_UartReceiveBlocking
 .text.HAL_UartSendBlocking
                0x00002734       0x64 ./component/uart/fsl_adapter_lpuart.o
                0x00002734                HAL_UartSendBlocking
 .text.BOARD_InitDebugConsole
                0x00002798       0x30 ./board/board.o
                0x00002798                BOARD_InitDebugConsole
 .text.BOARD_BootClockFRO96M
                0x000027c8       0xd0 ./board/clock_config.o
                0x000027c8                BOARD_BootClockFRO96M
 .text.CLOCK_EnableClock
                0x00002898       0x88 ./board/pin_mux.o
 .text.PORT_SetPinConfig
                0x00002920       0x38 ./board/pin_mux.o
 .text.BOARD_InitPins
                0x00002958       0xf8 ./board/pin_mux.o
                0x00002958                BOARD_InitPins
 .text._initio  0x00002a50       0x78 C:/nxp/MCUXpressoIDE_11.10.0_3148/ide/plugins/com.nxp.mcuxpresso.tools.win32_11.10.0.202311280810/tools/bin/../lib/gcc/arm-none-eabi/13.2.1/../../../../arm-none-eabi/lib/thumb/v8-m.main/nofp\libcr_c.a(initio.o)
                0x00002a50                _initio
 .text._Cwritebuf
                0x00002ac8       0x6c C:/nxp/MCUXpressoIDE_11.10.0_3148/ide/plugins/com.nxp.mcuxpresso.tools.win32_11.10.0.202311280810/tools/bin/../lib/gcc/arm-none-eabi/13.2.1/../../../../arm-none-eabi/lib/thumb/v8-m.main/nofp\libcr_c.a(_writebuf.o)
                0x00002ac8                _Cwritebuf
 .text.fflush   0x00002b34       0x3c C:/nxp/MCUXpressoIDE_11.10.0_3148/ide/plugins/com.nxp.mcuxpresso.tools.win32_11.10.0.202311280810/tools/bin/../lib/gcc/arm-none-eabi/13.2.1/../../../../arm-none-eabi/lib/thumb/v8-m.main/nofp\libcr_c.a(fflush.o)
                0x00002b34                fflush
 .text.fseek    0x00002b70       0xf8 C:/nxp/MCUXpressoIDE_11.10.0_3148/ide/plugins/com.nxp.mcuxpresso.tools.win32_11.10.0.202311280810/tools/bin/../lib/gcc/arm-none-eabi/13.2.1/../../../../arm-none-eabi/lib/thumb/v8-m.main/nofp\libcr_c.a(fseek.o)
                0x00002b70                fseek
 .text.ftell    0x00002c68       0x44 C:/nxp/MCUXpressoIDE_11.10.0_3148/ide/plugins/com.nxp.mcuxpresso.tools.win32_11.10.0.202311280810/tools/bin/../lib/gcc/arm-none-eabi/13.2.1/../../../../arm-none-eabi/lib/thumb/v8-m.main/nofp\libcr_c.a(ftell.o)
                0x00002c68                ftell
 .text.fsl_assert_hook
                0x00002cac       0x18 ./utilities/fsl_assert.o
                0x00002cac                fsl_assert_hook
 .text.DbgConsole_Printf
                0x00002cc4       0x2c ./utilities/fsl_debug_console.o
                0x00002cc4                DbgConsole_Printf
 .text.DbgConsole_PrintfPaddingCharacter
                0x00002cf0       0x40 ./utilities/fsl_debug_console.o
 .text.DbgConsole_ConvertRadixNumToString
                0x00002d30       0xc0 ./utilities/fsl_debug_console.o
 .text.Reserved16_IRQHandler
                0x00002df0        0x8 ./startup/startup_mcxa153.o
                0x00002df0                Reserved16_IRQHandler
 .text.CMC_IRQHandler
                0x00002df8        0x8 ./startup/startup_mcxa153.o
                0x00002df8                CMC_IRQHandler
 .text.DMA_CH0_IRQHandler
                0x00002e00        0x8 ./startup/startup_mcxa153.o
                0x00002e00                DMA_CH0_IRQHandler
 .text.DMA_CH1_IRQHandler
                0x00002e08        0x8 ./startup/startup_mcxa153.o
                0x00002e08                DMA_CH1_IRQHandler
 .text.DMA_CH2_IRQHandler
                0x00002e10        0x8 ./startup/startup_mcxa153.o
                0x00002e10                DMA_CH2_IRQHandler
 .text.DMA_CH3_IRQHandler
                0x00002e18        0x8 ./startup/startup_mcxa153.o
                0x00002e18                DMA_CH3_IRQHandler
 .text.Reserved22_IRQHandler
                0x00002e20        0x8 ./startup/startup_mcxa153.o
                0x00002e20                Reserved22_IRQHandler
 .text.Reserved23_IRQHandler
                0x00002e28        0x8 ./startup/startup_mcxa153.o
                0x00002e28                Reserved23_IRQHandler
 .text.Reserved24_IRQHandler
                0x00002e30        0x8 ./startup/startup_mcxa153.o
                0x00002e30                Reserved24_IRQHandler
 .text.Reserved25_IRQHandler
                0x00002e38        0x8 ./startup/startup_mcxa153.o
                0x00002e38                Reserved25_IRQHandler
 .text.ERM0_SINGLE_BIT_IRQHandler
                0x00002e40        0x8 ./startup/startup_mcxa153.o
                0x00002e40                ERM0_SINGLE_BIT_IRQHandler
 .text.ERM0_MULTI_BIT_IRQHandler
                0x00002e48        0x8 ./startup/startup_mcxa153.o
                0x00002e48                ERM0_MULTI_BIT_IRQHandler
 .text.FMU0_IRQHandler
                0x00002e50        0x8 ./startup/startup_mcxa153.o
                0x00002e50                FMU0_IRQHandler
 .text.GLIKEY0_IRQHandler
                0x00002e58        0x8 ./startup/startup_mcxa153.o
                0x00002e58                GLIKEY0_IRQHandler
 .text.MBC0_IRQHandler
                0x00002e60        0x8 ./startup/startup_mcxa153.o
                0x00002e60                MBC0_IRQHandler
 .text.SCG0_IRQHandler
                0x00002e68        0x8 ./startup/startup_mcxa153.o
                0x00002e68                SCG0_IRQHandler
 .text.SPC0_IRQHandler
                0x00002e70        0x8 ./startup/startup_mcxa153.o
                0x00002e70                SPC0_IRQHandler
 .text.Reserved33_IRQHandler
                0x00002e78        0x8 ./startup/startup_mcxa153.o
                0x00002e78                Reserved33_IRQHandler
 .text.WUU0_IRQHandler
                0x00002e80        0x8 ./startup/startup_mcxa153.o
                0x00002e80                WUU0_IRQHandler
 .text.Reserved35_IRQHandler
                0x00002e88        0x8 ./startup/startup_mcxa153.o
                0x00002e88                Reserved35_IRQHandler
 .text.Reserved36_IRQHandler
                0x00002e90        0x8 ./startup/startup_mcxa153.o
                0x00002e90                Reserved36_IRQHandler
 .text.Reserved37_IRQHandler
                0x00002e98        0x8 ./startup/startup_mcxa153.o
                0x00002e98                Reserved37_IRQHandler
 .text.Reserved38_IRQHandler
                0x00002ea0        0x8 ./startup/startup_mcxa153.o
                0x00002ea0                Reserved38_IRQHandler
 .text.Reserved39_IRQHandler
                0x00002ea8        0x8 ./startup/startup_mcxa153.o
                0x00002ea8                Reserved39_IRQHandler
 .text.I3C0_IRQHandler
                0x00002eb0        0x8 ./startup/startup_mcxa153.o
                0x00002eb0                I3C0_IRQHandler
 .text.Reserved41_IRQHandler
                0x00002eb8        0x8 ./startup/startup_mcxa153.o
                0x00002eb8                Reserved41_IRQHandler
 .text.LPI2C0_IRQHandler
                0x00002ec0        0x8 ./startup/startup_mcxa153.o
                0x00002ec0                LPI2C0_IRQHandler
 .text.Reserved43_IRQHandler
                0x00002ec8        0x8 ./startup/startup_mcxa153.o
                0x00002ec8                Reserved43_IRQHandler
 .text.LPSPI0_IRQHandler
                0x00002ed0        0x8 ./startup/startup_mcxa153.o
                0x00002ed0                LPSPI0_IRQHandler
 .text.LPSPI1_IRQHandler
                0x00002ed8        0x8 ./startup/startup_mcxa153.o
                0x00002ed8                LPSPI1_IRQHandler
 .text.Reserved46_IRQHandler
                0x00002ee0        0x8 ./startup/startup_mcxa153.o
                0x00002ee0                Reserved46_IRQHandler
 .text.LPUART0_IRQHandler
                0x00002ee8        0x8 ./startup/startup_mcxa153.o
                0x00002ee8                LPUART0_IRQHandler
 .text.LPUART1_IRQHandler
                0x00002ef0        0x8 ./startup/startup_mcxa153.o
                0x00002ef0                LPUART1_IRQHandler
 .text.LPUART2_IRQHandler
                0x00002ef8        0x8 ./startup/startup_mcxa153.o
                0x00002ef8                LPUART2_IRQHandler
 .text.Reserved50_IRQHandler
                0x00002f00        0x8 ./startup/startup_mcxa153.o
                0x00002f00                Reserved50_IRQHandler
 .text.Reserved51_IRQHandler
                0x00002f08        0x8 ./startup/startup_mcxa153.o
                0x00002f08                Reserved51_IRQHandler
 .text.USB0_IRQHandler
                0x00002f10        0x8 ./startup/startup_mcxa153.o
                0x00002f10                USB0_IRQHandler
 .text.Reserved53_IRQHandler
                0x00002f18        0x8 ./startup/startup_mcxa153.o
                0x00002f18                Reserved53_IRQHandler
 .text.CDOG0_IRQHandler
                0x00002f20        0x8 ./startup/startup_mcxa153.o
                0x00002f20                CDOG0_IRQHandler
 .text.CTIMER0_IRQHandler
                0x00002f28        0x8 ./startup/startup_mcxa153.o
                0x00002f28                CTIMER0_IRQHandler
 .text.CTIMER1_IRQHandler
                0x00002f30        0x8 ./startup/startup_mcxa153.o
                0x00002f30                CTIMER1_IRQHandler
 .text.CTIMER2_IRQHandler
                0x00002f38        0x8 ./startup/startup_mcxa153.o
                0x00002f38                CTIMER2_IRQHandler
 .text.Reserved58_IRQHandler
                0x00002f40        0x8 ./startup/startup_mcxa153.o
                0x00002f40                Reserved58_IRQHandler
 .text.Reserved59_IRQHandler
                0x00002f48        0x8 ./startup/startup_mcxa153.o
                0x00002f48                Reserved59_IRQHandler
 .text.FLEXPWM0_RELOAD_ERROR_IRQHandler
                0x00002f50        0x8 ./startup/startup_mcxa153.o
                0x00002f50                FLEXPWM0_RELOAD_ERROR_IRQHandler
 .text.FLEXPWM0_FAULT_IRQHandler
                0x00002f58        0x8 ./startup/startup_mcxa153.o
                0x00002f58                FLEXPWM0_FAULT_IRQHandler
 .text.FLEXPWM0_SUBMODULE0_IRQHandler
                0x00002f60        0x8 ./startup/startup_mcxa153.o
                0x00002f60                FLEXPWM0_SUBMODULE0_IRQHandler
 .text.FLEXPWM0_SUBMODULE1_IRQHandler
                0x00002f68        0x8 ./startup/startup_mcxa153.o
                0x00002f68                FLEXPWM0_SUBMODULE1_IRQHandler
 .text.FLEXPWM0_SUBMODULE2_IRQHandler
                0x00002f70        0x8 ./startup/startup_mcxa153.o
                0x00002f70                FLEXPWM0_SUBMODULE2_IRQHandler
 .text.Reserved65_IRQHandler
                0x00002f78        0x8 ./startup/startup_mcxa153.o
                0x00002f78                Reserved65_IRQHandler
 .text.QDC0_COMPARE_IRQHandler
                0x00002f80        0x8 ./startup/startup_mcxa153.o
                0x00002f80                QDC0_COMPARE_IRQHandler
 .text.QDC0_HOME_IRQHandler
                0x00002f88        0x8 ./startup/startup_mcxa153.o
                0x00002f88                QDC0_HOME_IRQHandler
 .text.QDC0_WATCHDOG_IRQHandler
                0x00002f90        0x8 ./startup/startup_mcxa153.o
                0x00002f90                QDC0_WATCHDOG_IRQHandler
 .text.QDC0_INDEX_IRQHandler
                0x00002f98        0x8 ./startup/startup_mcxa153.o
                0x00002f98                QDC0_INDEX_IRQHandler
 .text.FREQME0_IRQHandler
                0x00002fa0        0x8 ./startup/startup_mcxa153.o
                0x00002fa0                FREQME0_IRQHandler
 .text.LPTMR0_IRQHandler
                0x00002fa8        0x8 ./startup/startup_mcxa153.o
                0x00002fa8                LPTMR0_IRQHandler
 .text.Reserved72_IRQHandler
                0x00002fb0        0x8 ./startup/startup_mcxa153.o
                0x00002fb0                Reserved72_IRQHandler
 .text.OS_EVENT_IRQHandler
                0x00002fb8        0x8 ./startup/startup_mcxa153.o
                0x00002fb8                OS_EVENT_IRQHandler
 .text.WAKETIMER0_IRQHandler
                0x00002fc0        0x8 ./startup/startup_mcxa153.o
                0x00002fc0                WAKETIMER0_IRQHandler
 .text.UTICK0_IRQHandler
                0x00002fc8        0x8 ./startup/startup_mcxa153.o
                0x00002fc8                UTICK0_IRQHandler
 .text.WWDT0_IRQHandler
                0x00002fd0        0x8 ./startup/startup_mcxa153.o
                0x00002fd0                WWDT0_IRQHandler
 .text.Reserved77_IRQHandler
                0x00002fd8        0x8 ./startup/startup_mcxa153.o
                0x00002fd8                Reserved77_IRQHandler
 .text.ADC0_IRQHandler
                0x00002fe0        0x8 ./startup/startup_mcxa153.o
                0x00002fe0                ADC0_IRQHandler
 .text.Reserved79_IRQHandler
                0x00002fe8        0x8 ./startup/startup_mcxa153.o
                0x00002fe8                Reserved79_IRQHandler
 .text.CMP0_IRQHandler
                0x00002ff0        0x8 ./startup/startup_mcxa153.o
                0x00002ff0                CMP0_IRQHandler
 .text.CMP1_IRQHandler
                0x00002ff8        0x8 ./startup/startup_mcxa153.o
                0x00002ff8                CMP1_IRQHandler
 .text.Reserved82_IRQHandler
                0x00003000        0x8 ./startup/startup_mcxa153.o
                0x00003000                Reserved82_IRQHandler
 .text.Reserved83_IRQHandler
                0x00003008        0x8 ./startup/startup_mcxa153.o
                0x00003008                Reserved83_IRQHandler
 .text.Reserved84_IRQHandler
                0x00003010        0x8 ./startup/startup_mcxa153.o
                0x00003010                Reserved84_IRQHandler
 .text.Reserved85_IRQHandler
                0x00003018        0x8 ./startup/startup_mcxa153.o
                0x00003018                Reserved85_IRQHandler
 .text.Reserved86_IRQHandler
                0x00003020        0x8 ./startup/startup_mcxa153.o
                0x00003020                Reserved86_IRQHandler
 .text.GPIO0_IRQHandler
                0x00003028        0x8 ./startup/startup_mcxa153.o
                0x00003028                GPIO0_IRQHandler
 .text.GPIO1_IRQHandler
                0x00003030        0x8 ./startup/startup_mcxa153.o
                0x00003030                GPIO1_IRQHandler
 .text.GPIO2_IRQHandler
                0x00003038        0x8 ./startup/startup_mcxa153.o
                0x00003038                GPIO2_IRQHandler
 .text.GPIO3_IRQHandler
                0x00003040        0x8 ./startup/startup_mcxa153.o
                0x00003040                GPIO3_IRQHandler
 .text.LPI2C_MasterGetStatusFlags
                0x00003048       0x16 ./source/lpi2c_polling_b2b_master.o
 .text.HardFault_Handler
                0x0000305e       0x36 ./source/semihost_hardfault.o
                0x0000305e                HardFault_Handler
 .text.CLOCK_IsDivHalt
                0x00003094       0x22 ./drivers/fsl_clock.o
 .text.CLOCK_AttachClk
                0x000030b6       0x30 ./drivers/fsl_clock.o
                0x000030b6                CLOCK_AttachClk
 .text.RESET_ReleasePeripheralReset
                0x000030e6       0x1a ./drivers/fsl_lpi2c.o
 .text.LPI2C_MasterReset
                0x00003100       0x1e ./drivers/fsl_lpi2c.o
 .text.LPI2C_MasterEnable
                0x0000311e       0x26 ./drivers/fsl_lpi2c.o
 .text.LPI2C_MasterGetStatusFlags
                0x00003144       0x16 ./drivers/fsl_lpi2c.o
 .text.LPI2C_MasterClearStatusFlags
                0x0000315a       0x1a ./drivers/fsl_lpi2c.o
 .text.LPI2C_MasterSetWatermarks
                0x00003174       0x2a ./drivers/fsl_lpi2c.o
 .text.LPI2C_MasterGetFifoCounts
                0x0000319e       0x3c ./drivers/fsl_lpi2c.o
 .text.LPI2C_MasterCheckAndClearError
                0x000031da       0x9c ./drivers/fsl_lpi2c.o
                0x000031da                LPI2C_MasterCheckAndClearError
 .text.LPI2C_MasterWaitForTxReady
                0x00003276       0x52 ./drivers/fsl_lpi2c.o
 .text.LPI2C_CheckForBusyBus
                0x000032c8       0x38 ./drivers/fsl_lpi2c.o
                0x000032c8                LPI2C_CheckForBusyBus
 .text.LPI2C_MasterStart
                0x00003300       0x5c ./drivers/fsl_lpi2c.o
                0x00003300                LPI2C_MasterStart
 .text.LPI2C_MasterStop
                0x0000335c       0x62 ./drivers/fsl_lpi2c.o
                0x0000335c                LPI2C_MasterStop
 .text.RESET_ReleasePeripheralReset
                0x000033be       0x1a ./drivers/fsl_lpuart.o
 .text.LPUART_SoftwareReset
                0x000033d8       0x2a ./drivers/fsl_lpuart.o
 .text.RESET_PeripheralReset
                0x00003402       0x22 ./drivers/fsl_reset.o
                0x00003402                RESET_PeripheralReset
 .text.SPC_GetActiveModeBandgapMode
                0x00003424       0x20 ./drivers/fsl_spc.o
 .text.SPC_GetActiveModeVoltageDetectStatus
                0x00003444       0x20 ./drivers/fsl_spc.o
 .text.SPC_GetActiveModeCoreLDOVDDVoltageLevel
                0x00003464       0x20 ./drivers/fsl_spc.o
 .text.SPC_GetActiveModeCoreLDODriveStrength
                0x00003484       0x20 ./drivers/fsl_spc.o
 .text.SPC_SetActiveModeCoreLDORegulatorVoltageLevel
                0x000034a4       0x60 ./drivers/fsl_spc.o
                0x000034a4                SPC_SetActiveModeCoreLDORegulatorVoltageLevel
 .text.SPC_SetActiveModeCoreLDORegulatorDriveStrength
                0x00003504       0x5e ./drivers/fsl_spc.o
                0x00003504                SPC_SetActiveModeCoreLDORegulatorDriveStrength
 .text.LPI2C_MasterGetStatusFlags
                0x00003562       0x16 ./drivers/i2c_common.o
 .text.LPI2C_MasterRepeatedStart
                0x00003578       0x26 ./drivers/i2c_common.o
 .text.SystemInitHook
                0x0000359e        0xc ./device/system_MCXA153.o
                0x0000359e                SystemInitHook
 .text.HAL_UartGetStatus
                0x000035aa       0x26 ./component/uart/fsl_adapter_lpuart.o
 .text.BOARD_InitBootClocks
                0x000035d0        0xc ./board/clock_config.o
                0x000035d0                BOARD_InitBootClocks
 .text.RESET_ReleasePeripheralReset
                0x000035dc       0x1a ./board/pin_mux.o
 .text.CheckPDSourceVoltandCurr
                0x000035f6       0x56 ./CMSIS/usb_pdo.o
                0x000035f6                CheckPDSourceVoltandCurr
 .text.CheckPDAttachStatus
                0x0000364c       0x46 ./CMSIS/usb_pdo.o
                0x0000364c                CheckPDAttachStatus
 .text.CheckPDResponse
                0x00003692       0x46 ./CMSIS/usb_pdo.o
                0x00003692                CheckPDResponse
 .text.SelectPDSourceVolt
                0x000036d8       0x4a ./CMSIS/usb_pdo.o
                0x000036d8                SelectPDSourceVolt
 .text.RequestPDO
                0x00003722       0x4c ./CMSIS/usb_pdo.o
                0x00003722                RequestPDO
 .text.__main   0x0000376e        0xe C:/nxp/MCUXpressoIDE_11.10.0_3148/ide/plugins/com.nxp.mcuxpresso.tools.win32_11.10.0.202311280810/tools/bin/../lib/gcc/arm-none-eabi/13.2.1/../../../../arm-none-eabi/lib/thumb/v8-m.main/nofp\libcr_nohost_nf.a(_cr__main.o)
                0x0000376e                __main
 .text.memset   0x0000377c        0x4 C:/nxp/MCUXpressoIDE_11.10.0_3148/ide/plugins/com.nxp.mcuxpresso.tools.win32_11.10.0.202311280810/tools/bin/../lib/gcc/arm-none-eabi/13.2.1/../../../../arm-none-eabi/lib/thumb/v8-m.main/nofp\libcr_c.a(memset.o)
                0x0000377c                memset
 .text.free     0x00003780       0x30 C:/nxp/MCUXpressoIDE_11.10.0_3148/ide/plugins/com.nxp.mcuxpresso.tools.win32_11.10.0.202311280810/tools/bin/../lib/gcc/arm-none-eabi/13.2.1/../../../../arm-none-eabi/lib/thumb/v8-m.main/nofp\libcr_c.a(alloc.o)
                0x00003780                free
 .text.setvbuf  0x000037b0       0x3e C:/nxp/MCUXpressoIDE_11.10.0_3148/ide/plugins/com.nxp.mcuxpresso.tools.win32_11.10.0.202311280810/tools/bin/../lib/gcc/arm-none-eabi/13.2.1/../../../../arm-none-eabi/lib/thumb/v8-m.main/nofp\libcr_c.a(setvbuf.o)
                0x000037b0                setvbuf
 .text.strlen   0x000037ee       0x4e C:/nxp/MCUXpressoIDE_11.10.0_3148/ide/plugins/com.nxp.mcuxpresso.tools.win32_11.10.0.202311280810/tools/bin/../lib/gcc/arm-none-eabi/13.2.1/../../../../arm-none-eabi/lib/thumb/v8-m.main/nofp\libcr_c.a(strlen.o)
                0x000037ee                strlen
 .text._deferredlazyseek
                0x0000383c       0x40 C:/nxp/MCUXpressoIDE_11.10.0_3148/ide/plugins/com.nxp.mcuxpresso.tools.win32_11.10.0.202311280810/tools/bin/../lib/gcc/arm-none-eabi/13.2.1/../../../../arm-none-eabi/lib/thumb/v8-m.main/nofp\libcr_c.a(_deferredlazyseek.o)
                0x0000383c                _deferredlazyseek
 .text._fdopen  0x0000387c       0x68 C:/nxp/MCUXpressoIDE_11.10.0_3148/ide/plugins/com.nxp.mcuxpresso.tools.win32_11.10.0.202311280810/tools/bin/../lib/gcc/arm-none-eabi/13.2.1/../../../../arm-none-eabi/lib/thumb/v8-m.main/nofp\libcr_c.a(_fdopen.o)
                0x0000387c                _fdopen
 .text._fflush  0x000038e4       0x52 C:/nxp/MCUXpressoIDE_11.10.0_3148/ide/plugins/com.nxp.mcuxpresso.tools.win32_11.10.0.202311280810/tools/bin/../lib/gcc/arm-none-eabi/13.2.1/../../../../arm-none-eabi/lib/thumb/v8-m.main/nofp\libcr_c.a(_fflush.o)
                0x000038e4                _fflush
 .text.fclose   0x00003936       0x58 C:/nxp/MCUXpressoIDE_11.10.0_3148/ide/plugins/com.nxp.mcuxpresso.tools.win32_11.10.0.202311280810/tools/bin/../lib/gcc/arm-none-eabi/13.2.1/../../../../arm-none-eabi/lib/thumb/v8-m.main/nofp\libcr_c.a(fclose.o)
                0x00003936                fclose
 .text.remove   0x0000398e       0x14 C:/nxp/MCUXpressoIDE_11.10.0_3148/ide/plugins/com.nxp.mcuxpresso.tools.win32_11.10.0.202311280810/tools/bin/../lib/gcc/arm-none-eabi/13.2.1/../../../../arm-none-eabi/lib/thumb/v8-m.main/nofp\libcr_c.a(remove.o)
                0x0000398e                remove
 .text._do_fflush
                0x000039a2       0x40 C:/nxp/MCUXpressoIDE_11.10.0_3148/ide/plugins/com.nxp.mcuxpresso.tools.win32_11.10.0.202311280810/tools/bin/../lib/gcc/arm-none-eabi/13.2.1/../../../../arm-none-eabi/lib/thumb/v8-m.main/nofp\libcr_c.a(_do_fflush.o)
                0x000039a2                _do_fflush
 .text.__aeabi_memset_lowlevel
                0x000039e2       0x32 C:/nxp/MCUXpressoIDE_11.10.0_3148/ide/plugins/com.nxp.mcuxpresso.tools.win32_11.10.0.202311280810/tools/bin/../lib/gcc/arm-none-eabi/13.2.1/thumb/v8-m.main/nofp\libcr_eabihelpers.a(memcpy.o)
                0x000039e2                __aeabi_lowlevel_memset
 .text.__sys_close
                0x00003a14        0x6 C:/nxp/MCUXpressoIDE_11.10.0_3148/ide/plugins/com.nxp.mcuxpresso.tools.win32_11.10.0.202311280810/tools/bin/../lib/gcc/arm-none-eabi/13.2.1/../../../../arm-none-eabi/lib/thumb/v8-m.main/nofp\libcr_nohost_nf.a(__sys_close.o)
                0x00003a14                __sys_close
 .text.__sys_flen
                0x00003a1a        0x6 C:/nxp/MCUXpressoIDE_11.10.0_3148/ide/plugins/com.nxp.mcuxpresso.tools.win32_11.10.0.202311280810/tools/bin/../lib/gcc/arm-none-eabi/13.2.1/../../../../arm-none-eabi/lib/thumb/v8-m.main/nofp\libcr_nohost_nf.a(__sys_flen.o)
                0x00003a1a                __sys_flen
 .text.__sys_istty
                0x00003a20        0x6 C:/nxp/MCUXpressoIDE_11.10.0_3148/ide/plugins/com.nxp.mcuxpresso.tools.win32_11.10.0.202311280810/tools/bin/../lib/gcc/arm-none-eabi/13.2.1/../../../../arm-none-eabi/lib/thumb/v8-m.main/nofp\libcr_nohost_nf.a(__sys_istty.o)
                0x00003a20                __sys_istty
 .text.__sys_remove
                0x00003a26        0x6 C:/nxp/MCUXpressoIDE_11.10.0_3148/ide/plugins/com.nxp.mcuxpresso.tools.win32_11.10.0.202311280810/tools/bin/../lib/gcc/arm-none-eabi/13.2.1/../../../../arm-none-eabi/lib/thumb/v8-m.main/nofp\libcr_nohost_nf.a(__sys_remove.o)
                0x00003a26                __sys_remove
 .text.__sys_seek
                0x00003a2c        0x6 C:/nxp/MCUXpressoIDE_11.10.0_3148/ide/plugins/com.nxp.mcuxpresso.tools.win32_11.10.0.202311280810/tools/bin/../lib/gcc/arm-none-eabi/13.2.1/../../../../arm-none-eabi/lib/thumb/v8-m.main/nofp\libcr_nohost_nf.a(__sys_seek.o)
                0x00003a2c                __sys_seek
 .text.__sys_tmpnam
                0x00003a32        0x6 C:/nxp/MCUXpressoIDE_11.10.0_3148/ide/plugins/com.nxp.mcuxpresso.tools.win32_11.10.0.202311280810/tools/bin/../lib/gcc/arm-none-eabi/13.2.1/../../../../arm-none-eabi/lib/thumb/v8-m.main/nofp\libcr_nohost_nf.a(__sys_tmpnam.o)
                0x00003a32                __sys_tmpnam
 .text.__sys_write
                0x00003a38        0x4 C:/nxp/MCUXpressoIDE_11.10.0_3148/ide/plugins/com.nxp.mcuxpresso.tools.win32_11.10.0.202311280810/tools/bin/../lib/gcc/arm-none-eabi/13.2.1/../../../../arm-none-eabi/lib/thumb/v8-m.main/nofp\libcr_nohost_nf.a(__sys_write.o)
                0x00003a38                __sys_write
 *(SORT_BY_ALIGNMENT(.rodata) SORT_BY_ALIGNMENT(.rodata.*) SORT_BY_ALIGNMENT(.constdata) SORT_BY_ALIGNMENT(.constdata.*))
 .rodata.__assertion_failed.str1.4
                0x00003a3c      0x88c ./utilities/fsl_assert.o
                                 0x14 (size before relaxing)
 .rodata.main.str1.4
                0x000042c8      0x2b6 ./source/lpi2c_polling_b2b_master.o
 .rodata.CLOCK_SetClockSelect.str1.4
                0x000042c8       0x2c ./drivers/fsl_clock.o
 .rodata.CLOCK_SetClockDiv.str1.4
                0x000042c8       0x2c ./drivers/fsl_clock.o
 .rodata.LPI2C_GetInstance.str1.4
                0x000042c8       0x35 ./drivers/fsl_lpi2c.o
 .rodata.LPI2C_GetCyclesForWidth.str1.4
                0x000042c8       0x26 ./drivers/fsl_lpi2c.o
 .rodata.LPI2C_MasterReceive.str1.4
                0x000042c8       0x21 ./drivers/fsl_lpi2c.o
 .rodata.LPI2C_MasterSend.str1.4
                0x000042c8       0x21 ./drivers/fsl_lpi2c.o
 .rodata.s_lpuartBases
                0x000042c8        0xc ./drivers/fsl_lpuart.o
 .rodata.s_lpuartClock
                0x000042d4        0xc ./drivers/fsl_lpuart.o
 .rodata.s_lpuartResets
                0x000042e0        0x6 ./drivers/fsl_lpuart.o
 .rodata.LPUART_GetInstance.str1.4
                0x000042e6       0x38 ./drivers/fsl_lpuart.o
 .rodata.LPUART_Init.str1.4
                0x000042e6      0x10a ./drivers/fsl_lpuart.o
 .rodata.LPUART_GetDefaultConfig.str1.4
                0x000042e6       0x22 ./drivers/fsl_lpuart.o
 .rodata.LPUART_WriteBlocking.str1.4
                0x000042e6       0x21 ./drivers/fsl_lpuart.o
 .rodata.LPUART_ReadBlocking.str1.4
                0x000042e6       0x21 ./drivers/fsl_lpuart.o
 .rodata.RESET_SetPeripheralReset.str1.4
                0x000042e6       0x3f ./drivers/fsl_reset.o
 .rodata.RESET_ClearPeripheralReset.str1.4
                0x000042e6       0x1e ./drivers/fsl_reset.o
 .rodata.SPC_SetSRAMOperateVoltage.str1.4
                0x000042e6       0x1f ./drivers/fsl_spc.o
 .rodata.SPC_SetActiveModeCoreLDORegulatorConfig.str1.4
                0x000042e6       0x1f ./drivers/fsl_spc.o
 *fill*         0x000042e6        0x2 ff
 .rodata.s_LpuartAdapterBase
                0x000042e8        0xc ./component/uart/fsl_adapter_lpuart.o
 .rodata.HAL_UartInit.str1.4
                0x000042f4      0x116 ./component/uart/fsl_adapter_lpuart.o
 .rodata.HAL_UartReceiveBlocking.str1.4
                0x000042f4       0x7b ./component/uart/fsl_adapter_lpuart.o
 .rodata.HAL_UartSendBlocking.str1.4
                0x000042f4       0x7b ./component/uart/fsl_adapter_lpuart.o
 .rodata.PORT_SetPinConfig.str1.4
                0x000042f4       0x60 ./board/pin_mux.o
 .rodata.__num_Ciob_streams
                0x000042f4        0x4 C:/nxp/MCUXpressoIDE_11.10.0_3148/ide/plugins/com.nxp.mcuxpresso.tools.win32_11.10.0.202311280810/tools/bin/../lib/gcc/arm-none-eabi/13.2.1/../../../../arm-none-eabi/lib/thumb/v8-m.main/nofp\libcr_nohost_nf.a(__ciob.o)
                0x000042f4                __num_Ciob_streams
 .rodata._initio.str1.1
                0x000042f8        0x4 C:/nxp/MCUXpressoIDE_11.10.0_3148/ide/plugins/com.nxp.mcuxpresso.tools.win32_11.10.0.202311280810/tools/bin/../lib/gcc/arm-none-eabi/13.2.1/../../../../arm-none-eabi/lib/thumb/v8-m.main/nofp\libcr_c.a(initio.o)
                0x0000440c                        . = ALIGN (0x4)

.glue_7         0x000042fc        0x0
 .glue_7        0x000042fc        0x0 linker stubs

.glue_7t        0x000042fc        0x0
 .glue_7t       0x000042fc        0x0 linker stubs

.vfp11_veneer   0x000042fc        0x0
 .vfp11_veneer  0x000042fc        0x0 linker stubs

.v4_bx          0x000042fc        0x0
 .v4_bx         0x000042fc        0x0 linker stubs

.iplt           0x000042fc        0x0
 .iplt          0x000042fc        0x0 ./utilities/fsl_assert.o

.rel.dyn        0x000042fc        0x0
 .rel.iplt      0x000042fc        0x0 ./utilities/fsl_assert.o

.ARM.extab
 *(SORT_BY_ALIGNMENT(.ARM.extab*) SORT_BY_ALIGNMENT(.gnu.linkonce.armextab.*))

.ARM.exidx      0x000042fc        0x0
                0x000042fc                        __exidx_start = .
 *(SORT_BY_ALIGNMENT(.ARM.exidx*) SORT_BY_ALIGNMENT(.gnu.linkonce.armexidx.*))
                0x000042fc                        __exidx_end = .
                0x000042fc                        _etext = .

.data_RAM2      0x04000000        0x0 load address 0x000042fc
 FILL mask 0xff
                [!provide]                        PROVIDE (__start_data_RAM2 = .)
                [!provide]                        PROVIDE (__start_data_SRAMX0 = .)
 *(SORT_BY_ALIGNMENT(.ramfunc.$RAM2))
 *(SORT_BY_ALIGNMENT(.ramfunc.$SRAMX0))
 *(SORT_BY_ALIGNMENT(.data.$RAM2))
 *(SORT_BY_ALIGNMENT(.data.$SRAMX0))
 *(SORT_BY_ALIGNMENT(.data.$RAM2.*))
 *(SORT_BY_ALIGNMENT(.data.$SRAMX0.*))
                0x04000000                        . = ALIGN (0x4)
                [!provide]                        PROVIDE (__end_data_RAM2 = .)
                [!provide]                        PROVIDE (__end_data_SRAMX0 = .)

.data_RAM3      0x04002000        0x0 load address 0x000042fc
 FILL mask 0xff
                [!provide]                        PROVIDE (__start_data_RAM3 = .)
                [!provide]                        PROVIDE (__start_data_SRAMX1 = .)
 *(SORT_BY_ALIGNMENT(.ramfunc.$RAM3))
 *(SORT_BY_ALIGNMENT(.ramfunc.$SRAMX1))
 *(SORT_BY_ALIGNMENT(.data.$RAM3))
 *(SORT_BY_ALIGNMENT(.data.$SRAMX1))
 *(SORT_BY_ALIGNMENT(.data.$RAM3.*))
 *(SORT_BY_ALIGNMENT(.data.$SRAMX1.*))
                0x04002000                        . = ALIGN (0x4)
                [!provide]                        PROVIDE (__end_data_RAM3 = .)
                [!provide]                        PROVIDE (__end_data_SRAMX1 = .)

.uninit_RESERVED
                0x20000000        0x0
                0x20000000                        _start_uninit_RESERVED = .
 *(SORT_BY_ALIGNMENT(.bss.$RESERVED*))
                0x20000000                        . = ALIGN (0x4)
                0x20000000                        _end_uninit_RESERVED = .

.data           0x20000000        0xc load address 0x000042fc
 FILL mask 0xff
                0x20000000                        _data = .
                [!provide]                        PROVIDE (__start_data_RAM = .)
                [!provide]                        PROVIDE (__start_data_SRAM = .)
 *(SORT_BY_ALIGNMENT(vtable))
 *(SORT_BY_ALIGNMENT(.ramfunc*))
 *(SORT_BY_ALIGNMENT(CodeQuickAccess))
 *(SORT_BY_ALIGNMENT(DataQuickAccess))
 *(SORT_BY_ALIGNMENT(RamFunction))
 *(SORT_BY_ALIGNMENT(.data*))
 .data.systickCounter
                0x20000000        0x4 ./source/lpi2c_polling_b2b_master.o
                0x20000000                systickCounter
 .data.s_Ext_Clk_Freq
                0x20000004        0x4 ./drivers/fsl_clock.o
 .data.SystemCoreClock
                0x20000008        0x4 ./device/system_MCXA153.o
                0x20000008                SystemCoreClock
                0x2000000c                        . = ALIGN (0x4)
                0x2000000c                        _edata = .
                [!provide]                        PROVIDE (__end_data_RAM = .)
                [!provide]                        PROVIDE (__end_data_SRAM = .)

.igot.plt       0x2000000c        0x0 load address 0x00004308
 .igot.plt      0x2000000c        0x0 ./utilities/fsl_assert.o

.bss_RAM2       0x04000000        0x0
                [!provide]                        PROVIDE (__start_bss_RAM2 = .)
                [!provide]                        PROVIDE (__start_bss_SRAMX0 = .)
 *(SORT_BY_ALIGNMENT(.bss.$RAM2))
 *(SORT_BY_ALIGNMENT(.bss.$SRAMX0))
 *(SORT_BY_ALIGNMENT(.bss.$RAM2.*))
 *(SORT_BY_ALIGNMENT(.bss.$SRAMX0.*))
                0x04000000                        . = ALIGN ((. != 0x0)?0x4:0x1)
                [!provide]                        PROVIDE (__end_bss_RAM2 = .)
                [!provide]                        PROVIDE (__end_bss_SRAMX0 = .)

.bss_RAM3       0x04002000        0x0
                [!provide]                        PROVIDE (__start_bss_RAM3 = .)
                [!provide]                        PROVIDE (__start_bss_SRAMX1 = .)
 *(SORT_BY_ALIGNMENT(.bss.$RAM3))
 *(SORT_BY_ALIGNMENT(.bss.$SRAMX1))
 *(SORT_BY_ALIGNMENT(.bss.$RAM3.*))
 *(SORT_BY_ALIGNMENT(.bss.$SRAMX1.*))
                0x04002000                        . = ALIGN ((. != 0x0)?0x4:0x1)
                [!provide]                        PROVIDE (__end_bss_RAM3 = .)
                [!provide]                        PROVIDE (__end_bss_SRAMX1 = .)

.bss            0x2000000c       0xf4
                0x2000000c                        _bss = .
                [!provide]                        PROVIDE (__start_bss_RAM = .)
                [!provide]                        PROVIDE (__start_bss_SRAM = .)
 *(SORT_BY_ALIGNMENT(.bss*))
 .bss.s_debugConsole
                0x2000000c       0x14 ./utilities/fsl_debug_console.o
 .bss.s_lpi2cMasterIsr
                0x20000020        0x4 ./drivers/fsl_lpi2c.o
                0x20000020                s_lpi2cMasterIsr
 .bss.s_lpi2cMasterHandle
                0x20000024        0x4 ./drivers/fsl_lpi2c.o
                0x20000024                s_lpi2cMasterHandle
 .bss.s_lpi2cSlaveIsr
                0x20000028        0x4 ./drivers/fsl_lpi2c.o
 .bss.s_lpi2cSlaveHandle
                0x2000002c        0x4 ./drivers/fsl_lpi2c.o
 .bss.s_lpuartHandle
                0x20000030        0xc ./drivers/fsl_lpuart.o
                0x20000030                s_lpuartHandle
 .bss.s_lpuartIsr
                0x2000003c        0xc ./drivers/fsl_lpuart.o
                0x2000003c                s_lpuartIsr
 .bss.errno     0x20000048        0x4 C:/nxp/MCUXpressoIDE_11.10.0_3148/ide/plugins/com.nxp.mcuxpresso.tools.win32_11.10.0.202311280810/tools/bin/../lib/gcc/arm-none-eabi/13.2.1/../../../../arm-none-eabi/lib/thumb/v8-m.main/nofp\libcr_c.a(errno.o)
                0x20000048                errno
 .bss.__Ciob    0x2000004c       0xb4 C:/nxp/MCUXpressoIDE_11.10.0_3148/ide/plugins/com.nxp.mcuxpresso.tools.win32_11.10.0.202311280810/tools/bin/../lib/gcc/arm-none-eabi/13.2.1/../../../../arm-none-eabi/lib/thumb/v8-m.main/nofp\libcr_nohost_nf.a(__ciob.o)
                0x2000004c                __Ciob
 *(SORT_BY_ALIGNMENT(COMMON))
                0x20000100                        . = ALIGN (0x4)
                0x20000100                        _ebss = .
                [!provide]                        PROVIDE (__end_bss_RAM = .)
                [!provide]                        PROVIDE (__end_bss_SRAM = .)
                [!provide]                        PROVIDE (end = .)

.noinit_RAM2    0x04000000        0x0
                [!provide]                        PROVIDE (__start_noinit_RAM2 = .)
                [!provide]                        PROVIDE (__start_noinit_SRAMX0 = .)
 *(SORT_BY_ALIGNMENT(.noinit.$RAM2))
 *(SORT_BY_ALIGNMENT(.noinit.$SRAMX0))
 *(SORT_BY_ALIGNMENT(.noinit.$RAM2.*))
 *(SORT_BY_ALIGNMENT(.noinit.$SRAMX0.*))
                0x04000000                        . = ALIGN (0x4)
                [!provide]                        PROVIDE (__end_noinit_RAM2 = .)
                [!provide]                        PROVIDE (__end_noinit_SRAMX0 = .)

.noinit_RAM3    0x04002000        0x0
                [!provide]                        PROVIDE (__start_noinit_RAM3 = .)
                [!provide]                        PROVIDE (__start_noinit_SRAMX1 = .)
 *(SORT_BY_ALIGNMENT(.noinit.$RAM3))
 *(SORT_BY_ALIGNMENT(.noinit.$SRAMX1))
 *(SORT_BY_ALIGNMENT(.noinit.$RAM3.*))
 *(SORT_BY_ALIGNMENT(.noinit.$SRAMX1.*))
                0x04002000                        . = ALIGN (0x4)
                [!provide]                        PROVIDE (__end_noinit_RAM3 = .)
                [!provide]                        PROVIDE (__end_noinit_SRAMX1 = .)

.noinit         0x20000100        0x0
                0x20000100                        _noinit = .
                [!provide]                        PROVIDE (__start_noinit_RAM = .)
                [!provide]                        PROVIDE (__start_noinit_SRAM = .)
 *(SORT_BY_ALIGNMENT(.noinit*))
                0x20000100                        . = ALIGN (0x4)
                0x20000100                        _end_noinit = .
                [!provide]                        PROVIDE (__end_noinit_RAM = .)
                [!provide]                        PROVIDE (__end_noinit_SRAM = .)
                0x00000600                        _HeapSize = 0x600

.heap           0x20000100      0x600
                0x20000100                        _pvHeapStart = .
                0x20000700                        . = (. + _HeapSize)
 *fill*         0x20000100      0x600 
                0x20000700                        . = ALIGN (0x4)
                0x20000700                        _pvHeapLimit = .
                0x00000600                        _StackSize = 0x600

.heap2stackfill
                0x20000700      0x600
                0x20000d00                        . = (. + _StackSize)
 *fill*         0x20000700      0x600 

.stack          0x20005a00        0x0
                0x20005a00                        _vStackBase = .
                0x20005a00                        . = ALIGN (0x4)
                0x20006000                        _vStackTop = (. + _StackSize)
                0x00000000                        _image_start = LOADADDR (.text)
                0x00004308                        _image_end = (LOADADDR (.data) + SIZEOF (.data))
                0x00004308                        _image_size = (_image_end - _image_start)
OUTPUT(frdmmcxa153_lpi2c_polling_b2b_master.axf elf32-littlearm)
LOAD linker stubs

.debug_info     0x00000000    0x14296
 .debug_info    0x00000000      0x127 ./utilities/fsl_assert.o
 .debug_info    0x00000127      0xd83 ./utilities/fsl_debug_console.o
 .debug_info    0x00000eaa       0x24 ./utilities/fsl_memcpy.o
 .debug_info    0x00000ece      0xb86 ./startup/startup_mcxa153.o
 .debug_info    0x00001a54     0x1ca7 ./source/lpi2c_polling_b2b_master.o
 .debug_info    0x000036fb       0x3c ./source/semihost_hardfault.o
 .debug_info    0x00003737     0x214c ./drivers/fsl_clock.o
 .debug_info    0x00005883     0x34a4 ./drivers/fsl_lpi2c.o
 .debug_info    0x00008d27     0x2d15 ./drivers/fsl_lpuart.o
 .debug_info    0x0000ba3c      0xab1 ./drivers/fsl_reset.o
 .debug_info    0x0000c4ed      0xfd6 ./drivers/fsl_spc.o
 .debug_info    0x0000d4c3      0x6cf ./drivers/i2c_common.o
 .debug_info    0x0000db92      0xaf0 ./device/system_MCXA153.o
 .debug_info    0x0000e682      0xca0 ./component/uart/fsl_adapter_lpuart.o
 .debug_info    0x0000f322      0x6dc ./board/board.o
 .debug_info    0x0000f9fe      0xafe ./board/clock_config.o
 .debug_info    0x000104fc      0xfe6 ./board/pin_mux.o
 .debug_info    0x000114e2      0x468 ./CMSIS/usb_pdo.o
 .debug_info    0x0001194a       0x85 C:/nxp/MCUXpressoIDE_11.10.0_3148/ide/plugins/com.nxp.mcuxpresso.tools.win32_11.10.0.202311280810/tools/bin/../lib/gcc/arm-none-eabi/13.2.1/../../../../arm-none-eabi/lib/thumb/v8-m.main/nofp\libcr_nohost_nf.a(_cr__main.o)
 .debug_info    0x000119cf       0xfc C:/nxp/MCUXpressoIDE_11.10.0_3148/ide/plugins/com.nxp.mcuxpresso.tools.win32_11.10.0.202311280810/tools/bin/../lib/gcc/arm-none-eabi/13.2.1/../../../../arm-none-eabi/lib/thumb/v8-m.main/nofp\libcr_c.a(memset.o)
 .debug_info    0x00011acb      0x520 C:/nxp/MCUXpressoIDE_11.10.0_3148/ide/plugins/com.nxp.mcuxpresso.tools.win32_11.10.0.202311280810/tools/bin/../lib/gcc/arm-none-eabi/13.2.1/../../../../arm-none-eabi/lib/thumb/v8-m.main/nofp\libcr_c.a(alloc.o)
 .debug_info    0x00011feb       0x44 C:/nxp/MCUXpressoIDE_11.10.0_3148/ide/plugins/com.nxp.mcuxpresso.tools.win32_11.10.0.202311280810/tools/bin/../lib/gcc/arm-none-eabi/13.2.1/../../../../arm-none-eabi/lib/thumb/v8-m.main/nofp\libcr_c.a(errno.o)
 .debug_info    0x0001202f      0x339 C:/nxp/MCUXpressoIDE_11.10.0_3148/ide/plugins/com.nxp.mcuxpresso.tools.win32_11.10.0.202311280810/tools/bin/../lib/gcc/arm-none-eabi/13.2.1/../../../../arm-none-eabi/lib/thumb/v8-m.main/nofp\libcr_c.a(initio.o)
 .debug_info    0x00012368      0x1fd C:/nxp/MCUXpressoIDE_11.10.0_3148/ide/plugins/com.nxp.mcuxpresso.tools.win32_11.10.0.202311280810/tools/bin/../lib/gcc/arm-none-eabi/13.2.1/../../../../arm-none-eabi/lib/thumb/v8-m.main/nofp\libcr_c.a(setvbuf.o)
 .debug_info    0x00012565       0xe1 C:/nxp/MCUXpressoIDE_11.10.0_3148/ide/plugins/com.nxp.mcuxpresso.tools.win32_11.10.0.202311280810/tools/bin/../lib/gcc/arm-none-eabi/13.2.1/../../../../arm-none-eabi/lib/thumb/v8-m.main/nofp\libcr_c.a(strlen.o)
 .debug_info    0x00012646      0x369 C:/nxp/MCUXpressoIDE_11.10.0_3148/ide/plugins/com.nxp.mcuxpresso.tools.win32_11.10.0.202311280810/tools/bin/../lib/gcc/arm-none-eabi/13.2.1/../../../../arm-none-eabi/lib/thumb/v8-m.main/nofp\libcr_c.a(_deferredlazyseek.o)
 .debug_info    0x000129af      0x24b C:/nxp/MCUXpressoIDE_11.10.0_3148/ide/plugins/com.nxp.mcuxpresso.tools.win32_11.10.0.202311280810/tools/bin/../lib/gcc/arm-none-eabi/13.2.1/../../../../arm-none-eabi/lib/thumb/v8-m.main/nofp\libcr_c.a(_fdopen.o)
 .debug_info    0x00012bfa      0x1e3 C:/nxp/MCUXpressoIDE_11.10.0_3148/ide/plugins/com.nxp.mcuxpresso.tools.win32_11.10.0.202311280810/tools/bin/../lib/gcc/arm-none-eabi/13.2.1/../../../../arm-none-eabi/lib/thumb/v8-m.main/nofp\libcr_c.a(_fflush.o)
 .debug_info    0x00012ddd      0x289 C:/nxp/MCUXpressoIDE_11.10.0_3148/ide/plugins/com.nxp.mcuxpresso.tools.win32_11.10.0.202311280810/tools/bin/../lib/gcc/arm-none-eabi/13.2.1/../../../../arm-none-eabi/lib/thumb/v8-m.main/nofp\libcr_c.a(_writebuf.o)
 .debug_info    0x00013066      0x318 C:/nxp/MCUXpressoIDE_11.10.0_3148/ide/plugins/com.nxp.mcuxpresso.tools.win32_11.10.0.202311280810/tools/bin/../lib/gcc/arm-none-eabi/13.2.1/../../../../arm-none-eabi/lib/thumb/v8-m.main/nofp\libcr_c.a(fclose.o)
 .debug_info    0x0001337e      0x209 C:/nxp/MCUXpressoIDE_11.10.0_3148/ide/plugins/com.nxp.mcuxpresso.tools.win32_11.10.0.202311280810/tools/bin/../lib/gcc/arm-none-eabi/13.2.1/../../../../arm-none-eabi/lib/thumb/v8-m.main/nofp\libcr_c.a(fflush.o)
 .debug_info    0x00013587      0x276 C:/nxp/MCUXpressoIDE_11.10.0_3148/ide/plugins/com.nxp.mcuxpresso.tools.win32_11.10.0.202311280810/tools/bin/../lib/gcc/arm-none-eabi/13.2.1/../../../../arm-none-eabi/lib/thumb/v8-m.main/nofp\libcr_c.a(fseek.o)
 .debug_info    0x000137fd      0x197 C:/nxp/MCUXpressoIDE_11.10.0_3148/ide/plugins/com.nxp.mcuxpresso.tools.win32_11.10.0.202311280810/tools/bin/../lib/gcc/arm-none-eabi/13.2.1/../../../../arm-none-eabi/lib/thumb/v8-m.main/nofp\libcr_c.a(ftell.o)
 .debug_info    0x00013994      0x1d7 C:/nxp/MCUXpressoIDE_11.10.0_3148/ide/plugins/com.nxp.mcuxpresso.tools.win32_11.10.0.202311280810/tools/bin/../lib/gcc/arm-none-eabi/13.2.1/../../../../arm-none-eabi/lib/thumb/v8-m.main/nofp\libcr_c.a(remove.o)
 .debug_info    0x00013b6b      0x23a C:/nxp/MCUXpressoIDE_11.10.0_3148/ide/plugins/com.nxp.mcuxpresso.tools.win32_11.10.0.202311280810/tools/bin/../lib/gcc/arm-none-eabi/13.2.1/../../../../arm-none-eabi/lib/thumb/v8-m.main/nofp\libcr_c.a(_do_fflush.o)
 .debug_info    0x00013da5      0x18b C:/nxp/MCUXpressoIDE_11.10.0_3148/ide/plugins/com.nxp.mcuxpresso.tools.win32_11.10.0.202311280810/tools/bin/../lib/gcc/arm-none-eabi/13.2.1/../../../../arm-none-eabi/lib/thumb/v8-m.main/nofp\libcr_nohost_nf.a(__ciob.o)
 .debug_info    0x00013f30       0x6a C:/nxp/MCUXpressoIDE_11.10.0_3148/ide/plugins/com.nxp.mcuxpresso.tools.win32_11.10.0.202311280810/tools/bin/../lib/gcc/arm-none-eabi/13.2.1/../../../../arm-none-eabi/lib/thumb/v8-m.main/nofp\libcr_nohost_nf.a(__sys_close.o)
 .debug_info    0x00013f9a       0x6a C:/nxp/MCUXpressoIDE_11.10.0_3148/ide/plugins/com.nxp.mcuxpresso.tools.win32_11.10.0.202311280810/tools/bin/../lib/gcc/arm-none-eabi/13.2.1/../../../../arm-none-eabi/lib/thumb/v8-m.main/nofp\libcr_nohost_nf.a(__sys_flen.o)
 .debug_info    0x00014004       0x6a C:/nxp/MCUXpressoIDE_11.10.0_3148/ide/plugins/com.nxp.mcuxpresso.tools.win32_11.10.0.202311280810/tools/bin/../lib/gcc/arm-none-eabi/13.2.1/../../../../arm-none-eabi/lib/thumb/v8-m.main/nofp\libcr_nohost_nf.a(__sys_istty.o)
 .debug_info    0x0001406e       0x8a C:/nxp/MCUXpressoIDE_11.10.0_3148/ide/plugins/com.nxp.mcuxpresso.tools.win32_11.10.0.202311280810/tools/bin/../lib/gcc/arm-none-eabi/13.2.1/../../../../arm-none-eabi/lib/thumb/v8-m.main/nofp\libcr_nohost_nf.a(__sys_remove.o)
 .debug_info    0x000140f8       0x78 C:/nxp/MCUXpressoIDE_11.10.0_3148/ide/plugins/com.nxp.mcuxpresso.tools.win32_11.10.0.202311280810/tools/bin/../lib/gcc/arm-none-eabi/13.2.1/../../../../arm-none-eabi/lib/thumb/v8-m.main/nofp\libcr_nohost_nf.a(__sys_seek.o)
 .debug_info    0x00014170       0x93 C:/nxp/MCUXpressoIDE_11.10.0_3148/ide/plugins/com.nxp.mcuxpresso.tools.win32_11.10.0.202311280810/tools/bin/../lib/gcc/arm-none-eabi/13.2.1/../../../../arm-none-eabi/lib/thumb/v8-m.main/nofp\libcr_nohost_nf.a(__sys_tmpnam.o)
 .debug_info    0x00014203       0x93 C:/nxp/MCUXpressoIDE_11.10.0_3148/ide/plugins/com.nxp.mcuxpresso.tools.win32_11.10.0.202311280810/tools/bin/../lib/gcc/arm-none-eabi/13.2.1/../../../../arm-none-eabi/lib/thumb/v8-m.main/nofp\libcr_nohost_nf.a(__sys_write.o)

.debug_abbrev   0x00000000     0x3765
 .debug_abbrev  0x00000000       0xbd ./utilities/fsl_assert.o
 .debug_abbrev  0x000000bd      0x256 ./utilities/fsl_debug_console.o
 .debug_abbrev  0x00000313       0x14 ./utilities/fsl_memcpy.o
 .debug_abbrev  0x00000327      0x134 ./startup/startup_mcxa153.o
 .debug_abbrev  0x0000045b      0x311 ./source/lpi2c_polling_b2b_master.o
 .debug_abbrev  0x0000076c       0x31 ./source/semihost_hardfault.o
 .debug_abbrev  0x0000079d      0x30e ./drivers/fsl_clock.o
 .debug_abbrev  0x00000aab      0x3c8 ./drivers/fsl_lpi2c.o
 .debug_abbrev  0x00000e73      0x453 ./drivers/fsl_lpuart.o
 .debug_abbrev  0x000012c6      0x14c ./drivers/fsl_reset.o
 .debug_abbrev  0x00001412      0x2c0 ./drivers/fsl_spc.o
 .debug_abbrev  0x000016d2      0x1c7 ./drivers/i2c_common.o
 .debug_abbrev  0x00001899      0x13d ./device/system_MCXA153.o
 .debug_abbrev  0x000019d6      0x1e7 ./component/uart/fsl_adapter_lpuart.o
 .debug_abbrev  0x00001bbd       0xf2 ./board/board.o
 .debug_abbrev  0x00001caf      0x1f3 ./board/clock_config.o
 .debug_abbrev  0x00001ea2      0x252 ./board/pin_mux.o
 .debug_abbrev  0x000020f4      0x101 ./CMSIS/usb_pdo.o
 .debug_abbrev  0x000021f5       0x70 C:/nxp/MCUXpressoIDE_11.10.0_3148/ide/plugins/com.nxp.mcuxpresso.tools.win32_11.10.0.202311280810/tools/bin/../lib/gcc/arm-none-eabi/13.2.1/../../../../arm-none-eabi/lib/thumb/v8-m.main/nofp\libcr_nohost_nf.a(_cr__main.o)
 .debug_abbrev  0x00002265       0xa8 C:/nxp/MCUXpressoIDE_11.10.0_3148/ide/plugins/com.nxp.mcuxpresso.tools.win32_11.10.0.202311280810/tools/bin/../lib/gcc/arm-none-eabi/13.2.1/../../../../arm-none-eabi/lib/thumb/v8-m.main/nofp\libcr_c.a(memset.o)
 .debug_abbrev  0x0000230d      0x284 C:/nxp/MCUXpressoIDE_11.10.0_3148/ide/plugins/com.nxp.mcuxpresso.tools.win32_11.10.0.202311280810/tools/bin/../lib/gcc/arm-none-eabi/13.2.1/../../../../arm-none-eabi/lib/thumb/v8-m.main/nofp\libcr_c.a(alloc.o)
 .debug_abbrev  0x00002591       0x44 C:/nxp/MCUXpressoIDE_11.10.0_3148/ide/plugins/com.nxp.mcuxpresso.tools.win32_11.10.0.202311280810/tools/bin/../lib/gcc/arm-none-eabi/13.2.1/../../../../arm-none-eabi/lib/thumb/v8-m.main/nofp\libcr_c.a(errno.o)
 .debug_abbrev  0x000025d5      0x169 C:/nxp/MCUXpressoIDE_11.10.0_3148/ide/plugins/com.nxp.mcuxpresso.tools.win32_11.10.0.202311280810/tools/bin/../lib/gcc/arm-none-eabi/13.2.1/../../../../arm-none-eabi/lib/thumb/v8-m.main/nofp\libcr_c.a(initio.o)
 .debug_abbrev  0x0000273e       0xe1 C:/nxp/MCUXpressoIDE_11.10.0_3148/ide/plugins/com.nxp.mcuxpresso.tools.win32_11.10.0.202311280810/tools/bin/../lib/gcc/arm-none-eabi/13.2.1/../../../../arm-none-eabi/lib/thumb/v8-m.main/nofp\libcr_c.a(setvbuf.o)
 .debug_abbrev  0x0000281f       0xa7 C:/nxp/MCUXpressoIDE_11.10.0_3148/ide/plugins/com.nxp.mcuxpresso.tools.win32_11.10.0.202311280810/tools/bin/../lib/gcc/arm-none-eabi/13.2.1/../../../../arm-none-eabi/lib/thumb/v8-m.main/nofp\libcr_c.a(strlen.o)
 .debug_abbrev  0x000028c6      0x152 C:/nxp/MCUXpressoIDE_11.10.0_3148/ide/plugins/com.nxp.mcuxpresso.tools.win32_11.10.0.202311280810/tools/bin/../lib/gcc/arm-none-eabi/13.2.1/../../../../arm-none-eabi/lib/thumb/v8-m.main/nofp\libcr_c.a(_deferredlazyseek.o)
 .debug_abbrev  0x00002a18      0x119 C:/nxp/MCUXpressoIDE_11.10.0_3148/ide/plugins/com.nxp.mcuxpresso.tools.win32_11.10.0.202311280810/tools/bin/../lib/gcc/arm-none-eabi/13.2.1/../../../../arm-none-eabi/lib/thumb/v8-m.main/nofp\libcr_c.a(_fdopen.o)
 .debug_abbrev  0x00002b31       0xf1 C:/nxp/MCUXpressoIDE_11.10.0_3148/ide/plugins/com.nxp.mcuxpresso.tools.win32_11.10.0.202311280810/tools/bin/../lib/gcc/arm-none-eabi/13.2.1/../../../../arm-none-eabi/lib/thumb/v8-m.main/nofp\libcr_c.a(_fflush.o)
 .debug_abbrev  0x00002c22      0x126 C:/nxp/MCUXpressoIDE_11.10.0_3148/ide/plugins/com.nxp.mcuxpresso.tools.win32_11.10.0.202311280810/tools/bin/../lib/gcc/arm-none-eabi/13.2.1/../../../../arm-none-eabi/lib/thumb/v8-m.main/nofp\libcr_c.a(_writebuf.o)
 .debug_abbrev  0x00002d48      0x155 C:/nxp/MCUXpressoIDE_11.10.0_3148/ide/plugins/com.nxp.mcuxpresso.tools.win32_11.10.0.202311280810/tools/bin/../lib/gcc/arm-none-eabi/13.2.1/../../../../arm-none-eabi/lib/thumb/v8-m.main/nofp\libcr_c.a(fclose.o)
 .debug_abbrev  0x00002e9d      0x125 C:/nxp/MCUXpressoIDE_11.10.0_3148/ide/plugins/com.nxp.mcuxpresso.tools.win32_11.10.0.202311280810/tools/bin/../lib/gcc/arm-none-eabi/13.2.1/../../../../arm-none-eabi/lib/thumb/v8-m.main/nofp\libcr_c.a(fflush.o)
 .debug_abbrev  0x00002fc2      0x11b C:/nxp/MCUXpressoIDE_11.10.0_3148/ide/plugins/com.nxp.mcuxpresso.tools.win32_11.10.0.202311280810/tools/bin/../lib/gcc/arm-none-eabi/13.2.1/../../../../arm-none-eabi/lib/thumb/v8-m.main/nofp\libcr_c.a(fseek.o)
 .debug_abbrev  0x000030dd       0xc2 C:/nxp/MCUXpressoIDE_11.10.0_3148/ide/plugins/com.nxp.mcuxpresso.tools.win32_11.10.0.202311280810/tools/bin/../lib/gcc/arm-none-eabi/13.2.1/../../../../arm-none-eabi/lib/thumb/v8-m.main/nofp\libcr_c.a(ftell.o)
 .debug_abbrev  0x0000319f       0xfb C:/nxp/MCUXpressoIDE_11.10.0_3148/ide/plugins/com.nxp.mcuxpresso.tools.win32_11.10.0.202311280810/tools/bin/../lib/gcc/arm-none-eabi/13.2.1/../../../../arm-none-eabi/lib/thumb/v8-m.main/nofp\libcr_c.a(remove.o)
 .debug_abbrev  0x0000329a      0x12c C:/nxp/MCUXpressoIDE_11.10.0_3148/ide/plugins/com.nxp.mcuxpresso.tools.win32_11.10.0.202311280810/tools/bin/../lib/gcc/arm-none-eabi/13.2.1/../../../../arm-none-eabi/lib/thumb/v8-m.main/nofp\libcr_c.a(_do_fflush.o)
 .debug_abbrev  0x000033c6       0xb5 C:/nxp/MCUXpressoIDE_11.10.0_3148/ide/plugins/com.nxp.mcuxpresso.tools.win32_11.10.0.202311280810/tools/bin/../lib/gcc/arm-none-eabi/13.2.1/../../../../arm-none-eabi/lib/thumb/v8-m.main/nofp\libcr_nohost_nf.a(__ciob.o)
 .debug_abbrev  0x0000347b       0x5c C:/nxp/MCUXpressoIDE_11.10.0_3148/ide/plugins/com.nxp.mcuxpresso.tools.win32_11.10.0.202311280810/tools/bin/../lib/gcc/arm-none-eabi/13.2.1/../../../../arm-none-eabi/lib/thumb/v8-m.main/nofp\libcr_nohost_nf.a(__sys_close.o)
 .debug_abbrev  0x000034d7       0x5c C:/nxp/MCUXpressoIDE_11.10.0_3148/ide/plugins/com.nxp.mcuxpresso.tools.win32_11.10.0.202311280810/tools/bin/../lib/gcc/arm-none-eabi/13.2.1/../../../../arm-none-eabi/lib/thumb/v8-m.main/nofp\libcr_nohost_nf.a(__sys_flen.o)
 .debug_abbrev  0x00003533       0x5c C:/nxp/MCUXpressoIDE_11.10.0_3148/ide/plugins/com.nxp.mcuxpresso.tools.win32_11.10.0.202311280810/tools/bin/../lib/gcc/arm-none-eabi/13.2.1/../../../../arm-none-eabi/lib/thumb/v8-m.main/nofp\libcr_nohost_nf.a(__sys_istty.o)
 .debug_abbrev  0x0000358f       0x7d C:/nxp/MCUXpressoIDE_11.10.0_3148/ide/plugins/com.nxp.mcuxpresso.tools.win32_11.10.0.202311280810/tools/bin/../lib/gcc/arm-none-eabi/13.2.1/../../../../arm-none-eabi/lib/thumb/v8-m.main/nofp\libcr_nohost_nf.a(__sys_remove.o)
 .debug_abbrev  0x0000360c       0x6d C:/nxp/MCUXpressoIDE_11.10.0_3148/ide/plugins/com.nxp.mcuxpresso.tools.win32_11.10.0.202311280810/tools/bin/../lib/gcc/arm-none-eabi/13.2.1/../../../../arm-none-eabi/lib/thumb/v8-m.main/nofp\libcr_nohost_nf.a(__sys_seek.o)
 .debug_abbrev  0x00003679       0x76 C:/nxp/MCUXpressoIDE_11.10.0_3148/ide/plugins/com.nxp.mcuxpresso.tools.win32_11.10.0.202311280810/tools/bin/../lib/gcc/arm-none-eabi/13.2.1/../../../../arm-none-eabi/lib/thumb/v8-m.main/nofp\libcr_nohost_nf.a(__sys_tmpnam.o)
 .debug_abbrev  0x000036ef       0x76 C:/nxp/MCUXpressoIDE_11.10.0_3148/ide/plugins/com.nxp.mcuxpresso.tools.win32_11.10.0.202311280810/tools/bin/../lib/gcc/arm-none-eabi/13.2.1/../../../../arm-none-eabi/lib/thumb/v8-m.main/nofp\libcr_nohost_nf.a(__sys_write.o)

.debug_aranges  0x00000000      0xf30
 .debug_aranges
                0x00000000       0x28 ./utilities/fsl_assert.o
 .debug_aranges
                0x00000028       0x78 ./utilities/fsl_debug_console.o
 .debug_aranges
                0x000000a0       0x20 ./utilities/fsl_memcpy.o
 .debug_aranges
                0x000000c0      0x2e0 ./startup/startup_mcxa153.o
 .debug_aranges
                0x000003a0       0x48 ./source/lpi2c_polling_b2b_master.o
 .debug_aranges
                0x000003e8       0x20 ./source/semihost_hardfault.o
 .debug_aranges
                0x00000408      0x168 ./drivers/fsl_clock.o
 .debug_aranges
                0x00000570      0x1f8 ./drivers/fsl_lpi2c.o
 .debug_aranges
                0x00000768      0x198 ./drivers/fsl_lpuart.o
 .debug_aranges
                0x00000900       0x30 ./drivers/fsl_reset.o
 .debug_aranges
                0x00000930      0x110 ./drivers/fsl_spc.o
 .debug_aranges
                0x00000a40       0x38 ./drivers/i2c_common.o
 .debug_aranges
                0x00000a78       0x30 ./device/system_MCXA153.o
 .debug_aranges
                0x00000aa8       0x58 ./component/uart/fsl_adapter_lpuart.o
 .debug_aranges
                0x00000b00       0x20 ./board/board.o
 .debug_aranges
                0x00000b20       0x48 ./board/clock_config.o
 .debug_aranges
                0x00000b68       0x40 ./board/pin_mux.o
 .debug_aranges
                0x00000ba8       0x40 ./CMSIS/usb_pdo.o
 .debug_aranges
                0x00000be8       0x20 C:/nxp/MCUXpressoIDE_11.10.0_3148/ide/plugins/com.nxp.mcuxpresso.tools.win32_11.10.0.202311280810/tools/bin/../lib/gcc/arm-none-eabi/13.2.1/../../../../arm-none-eabi/lib/thumb/v8-m.main/nofp\libcr_nohost_nf.a(_cr__main.o)
 .debug_aranges
                0x00000c08       0x20 C:/nxp/MCUXpressoIDE_11.10.0_3148/ide/plugins/com.nxp.mcuxpresso.tools.win32_11.10.0.202311280810/tools/bin/../lib/gcc/arm-none-eabi/13.2.1/../../../../arm-none-eabi/lib/thumb/v8-m.main/nofp\libcr_c.a(memset.o)
 .debug_aranges
                0x00000c28       0x40 C:/nxp/MCUXpressoIDE_11.10.0_3148/ide/plugins/com.nxp.mcuxpresso.tools.win32_11.10.0.202311280810/tools/bin/../lib/gcc/arm-none-eabi/13.2.1/../../../../arm-none-eabi/lib/thumb/v8-m.main/nofp\libcr_c.a(alloc.o)
 .debug_aranges
                0x00000c68       0x18 C:/nxp/MCUXpressoIDE_11.10.0_3148/ide/plugins/com.nxp.mcuxpresso.tools.win32_11.10.0.202311280810/tools/bin/../lib/gcc/arm-none-eabi/13.2.1/../../../../arm-none-eabi/lib/thumb/v8-m.main/nofp\libcr_c.a(errno.o)
 .debug_aranges
                0x00000c80       0x28 C:/nxp/MCUXpressoIDE_11.10.0_3148/ide/plugins/com.nxp.mcuxpresso.tools.win32_11.10.0.202311280810/tools/bin/../lib/gcc/arm-none-eabi/13.2.1/../../../../arm-none-eabi/lib/thumb/v8-m.main/nofp\libcr_c.a(initio.o)
 .debug_aranges
                0x00000ca8       0x20 C:/nxp/MCUXpressoIDE_11.10.0_3148/ide/plugins/com.nxp.mcuxpresso.tools.win32_11.10.0.202311280810/tools/bin/../lib/gcc/arm-none-eabi/13.2.1/../../../../arm-none-eabi/lib/thumb/v8-m.main/nofp\libcr_c.a(setvbuf.o)
 .debug_aranges
                0x00000cc8       0x20 C:/nxp/MCUXpressoIDE_11.10.0_3148/ide/plugins/com.nxp.mcuxpresso.tools.win32_11.10.0.202311280810/tools/bin/../lib/gcc/arm-none-eabi/13.2.1/../../../../arm-none-eabi/lib/thumb/v8-m.main/nofp\libcr_c.a(strlen.o)
 .debug_aranges
                0x00000ce8       0x28 C:/nxp/MCUXpressoIDE_11.10.0_3148/ide/plugins/com.nxp.mcuxpresso.tools.win32_11.10.0.202311280810/tools/bin/../lib/gcc/arm-none-eabi/13.2.1/../../../../arm-none-eabi/lib/thumb/v8-m.main/nofp\libcr_c.a(_deferredlazyseek.o)
 .debug_aranges
                0x00000d10       0x20 C:/nxp/MCUXpressoIDE_11.10.0_3148/ide/plugins/com.nxp.mcuxpresso.tools.win32_11.10.0.202311280810/tools/bin/../lib/gcc/arm-none-eabi/13.2.1/../../../../arm-none-eabi/lib/thumb/v8-m.main/nofp\libcr_c.a(_fdopen.o)
 .debug_aranges
                0x00000d30       0x20 C:/nxp/MCUXpressoIDE_11.10.0_3148/ide/plugins/com.nxp.mcuxpresso.tools.win32_11.10.0.202311280810/tools/bin/../lib/gcc/arm-none-eabi/13.2.1/../../../../arm-none-eabi/lib/thumb/v8-m.main/nofp\libcr_c.a(_fflush.o)
 .debug_aranges
                0x00000d50       0x20 C:/nxp/MCUXpressoIDE_11.10.0_3148/ide/plugins/com.nxp.mcuxpresso.tools.win32_11.10.0.202311280810/tools/bin/../lib/gcc/arm-none-eabi/13.2.1/../../../../arm-none-eabi/lib/thumb/v8-m.main/nofp\libcr_c.a(_writebuf.o)
 .debug_aranges
                0x00000d70       0x20 C:/nxp/MCUXpressoIDE_11.10.0_3148/ide/plugins/com.nxp.mcuxpresso.tools.win32_11.10.0.202311280810/tools/bin/../lib/gcc/arm-none-eabi/13.2.1/../../../../arm-none-eabi/lib/thumb/v8-m.main/nofp\libcr_c.a(fclose.o)
 .debug_aranges
                0x00000d90       0x20 C:/nxp/MCUXpressoIDE_11.10.0_3148/ide/plugins/com.nxp.mcuxpresso.tools.win32_11.10.0.202311280810/tools/bin/../lib/gcc/arm-none-eabi/13.2.1/../../../../arm-none-eabi/lib/thumb/v8-m.main/nofp\libcr_c.a(fflush.o)
 .debug_aranges
                0x00000db0       0x20 C:/nxp/MCUXpressoIDE_11.10.0_3148/ide/plugins/com.nxp.mcuxpresso.tools.win32_11.10.0.202311280810/tools/bin/../lib/gcc/arm-none-eabi/13.2.1/../../../../arm-none-eabi/lib/thumb/v8-m.main/nofp\libcr_c.a(fseek.o)
 .debug_aranges
                0x00000dd0       0x20 C:/nxp/MCUXpressoIDE_11.10.0_3148/ide/plugins/com.nxp.mcuxpresso.tools.win32_11.10.0.202311280810/tools/bin/../lib/gcc/arm-none-eabi/13.2.1/../../../../arm-none-eabi/lib/thumb/v8-m.main/nofp\libcr_c.a(ftell.o)
 .debug_aranges
                0x00000df0       0x28 C:/nxp/MCUXpressoIDE_11.10.0_3148/ide/plugins/com.nxp.mcuxpresso.tools.win32_11.10.0.202311280810/tools/bin/../lib/gcc/arm-none-eabi/13.2.1/../../../../arm-none-eabi/lib/thumb/v8-m.main/nofp\libcr_c.a(remove.o)
 .debug_aranges
                0x00000e18       0x20 C:/nxp/MCUXpressoIDE_11.10.0_3148/ide/plugins/com.nxp.mcuxpresso.tools.win32_11.10.0.202311280810/tools/bin/../lib/gcc/arm-none-eabi/13.2.1/../../../../arm-none-eabi/lib/thumb/v8-m.main/nofp\libcr_c.a(_do_fflush.o)
 .debug_aranges
                0x00000e38       0x18 C:/nxp/MCUXpressoIDE_11.10.0_3148/ide/plugins/com.nxp.mcuxpresso.tools.win32_11.10.0.202311280810/tools/bin/../lib/gcc/arm-none-eabi/13.2.1/../../../../arm-none-eabi/lib/thumb/v8-m.main/nofp\libcr_nohost_nf.a(__ciob.o)
 .debug_aranges
                0x00000e50       0x20 C:/nxp/MCUXpressoIDE_11.10.0_3148/ide/plugins/com.nxp.mcuxpresso.tools.win32_11.10.0.202311280810/tools/bin/../lib/gcc/arm-none-eabi/13.2.1/../../../../arm-none-eabi/lib/thumb/v8-m.main/nofp\libcr_nohost_nf.a(__sys_close.o)
 .debug_aranges
                0x00000e70       0x20 C:/nxp/MCUXpressoIDE_11.10.0_3148/ide/plugins/com.nxp.mcuxpresso.tools.win32_11.10.0.202311280810/tools/bin/../lib/gcc/arm-none-eabi/13.2.1/../../../../arm-none-eabi/lib/thumb/v8-m.main/nofp\libcr_nohost_nf.a(__sys_flen.o)
 .debug_aranges
                0x00000e90       0x20 C:/nxp/MCUXpressoIDE_11.10.0_3148/ide/plugins/com.nxp.mcuxpresso.tools.win32_11.10.0.202311280810/tools/bin/../lib/gcc/arm-none-eabi/13.2.1/../../../../arm-none-eabi/lib/thumb/v8-m.main/nofp\libcr_nohost_nf.a(__sys_istty.o)
 .debug_aranges
                0x00000eb0       0x20 C:/nxp/MCUXpressoIDE_11.10.0_3148/ide/plugins/com.nxp.mcuxpresso.tools.win32_11.10.0.202311280810/tools/bin/../lib/gcc/arm-none-eabi/13.2.1/../../../../arm-none-eabi/lib/thumb/v8-m.main/nofp\libcr_nohost_nf.a(__sys_remove.o)
 .debug_aranges
                0x00000ed0       0x20 C:/nxp/MCUXpressoIDE_11.10.0_3148/ide/plugins/com.nxp.mcuxpresso.tools.win32_11.10.0.202311280810/tools/bin/../lib/gcc/arm-none-eabi/13.2.1/../../../../arm-none-eabi/lib/thumb/v8-m.main/nofp\libcr_nohost_nf.a(__sys_seek.o)
 .debug_aranges
                0x00000ef0       0x20 C:/nxp/MCUXpressoIDE_11.10.0_3148/ide/plugins/com.nxp.mcuxpresso.tools.win32_11.10.0.202311280810/tools/bin/../lib/gcc/arm-none-eabi/13.2.1/../../../../arm-none-eabi/lib/thumb/v8-m.main/nofp\libcr_nohost_nf.a(__sys_tmpnam.o)
 .debug_aranges
                0x00000f10       0x20 C:/nxp/MCUXpressoIDE_11.10.0_3148/ide/plugins/com.nxp.mcuxpresso.tools.win32_11.10.0.202311280810/tools/bin/../lib/gcc/arm-none-eabi/13.2.1/../../../../arm-none-eabi/lib/thumb/v8-m.main/nofp\libcr_nohost_nf.a(__sys_write.o)

.debug_ranges   0x00000000      0xd08
 .debug_ranges  0x00000000       0x18 ./utilities/fsl_assert.o
 .debug_ranges  0x00000018       0x68 ./utilities/fsl_debug_console.o
 .debug_ranges  0x00000080      0x2d0 ./startup/startup_mcxa153.o
 .debug_ranges  0x00000350       0x38 ./source/lpi2c_polling_b2b_master.o
 .debug_ranges  0x00000388       0x10 ./source/semihost_hardfault.o
 .debug_ranges  0x00000398      0x158 ./drivers/fsl_clock.o
 .debug_ranges  0x000004f0      0x230 ./drivers/fsl_lpi2c.o
 .debug_ranges  0x00000720      0x188 ./drivers/fsl_lpuart.o
 .debug_ranges  0x000008a8       0x20 ./drivers/fsl_reset.o
 .debug_ranges  0x000008c8      0x100 ./drivers/fsl_spc.o
 .debug_ranges  0x000009c8       0x28 ./drivers/i2c_common.o
 .debug_ranges  0x000009f0       0x20 ./device/system_MCXA153.o
 .debug_ranges  0x00000a10       0x48 ./component/uart/fsl_adapter_lpuart.o
 .debug_ranges  0x00000a58       0x10 ./board/board.o
 .debug_ranges  0x00000a68       0x38 ./board/clock_config.o
 .debug_ranges  0x00000aa0       0x30 ./board/pin_mux.o
 .debug_ranges  0x00000ad0       0x30 ./CMSIS/usb_pdo.o
 .debug_ranges  0x00000b00       0x10 C:/nxp/MCUXpressoIDE_11.10.0_3148/ide/plugins/com.nxp.mcuxpresso.tools.win32_11.10.0.202311280810/tools/bin/../lib/gcc/arm-none-eabi/13.2.1/../../../../arm-none-eabi/lib/thumb/v8-m.main/nofp\libcr_nohost_nf.a(_cr__main.o)
 .debug_ranges  0x00000b10       0x10 C:/nxp/MCUXpressoIDE_11.10.0_3148/ide/plugins/com.nxp.mcuxpresso.tools.win32_11.10.0.202311280810/tools/bin/../lib/gcc/arm-none-eabi/13.2.1/../../../../arm-none-eabi/lib/thumb/v8-m.main/nofp\libcr_c.a(memset.o)
 .debug_ranges  0x00000b20       0x48 C:/nxp/MCUXpressoIDE_11.10.0_3148/ide/plugins/com.nxp.mcuxpresso.tools.win32_11.10.0.202311280810/tools/bin/../lib/gcc/arm-none-eabi/13.2.1/../../../../arm-none-eabi/lib/thumb/v8-m.main/nofp\libcr_c.a(alloc.o)
 .debug_ranges  0x00000b68       0x18 C:/nxp/MCUXpressoIDE_11.10.0_3148/ide/plugins/com.nxp.mcuxpresso.tools.win32_11.10.0.202311280810/tools/bin/../lib/gcc/arm-none-eabi/13.2.1/../../../../arm-none-eabi/lib/thumb/v8-m.main/nofp\libcr_c.a(initio.o)
 .debug_ranges  0x00000b80       0x10 C:/nxp/MCUXpressoIDE_11.10.0_3148/ide/plugins/com.nxp.mcuxpresso.tools.win32_11.10.0.202311280810/tools/bin/../lib/gcc/arm-none-eabi/13.2.1/../../../../arm-none-eabi/lib/thumb/v8-m.main/nofp\libcr_c.a(setvbuf.o)
 .debug_ranges  0x00000b90       0x10 C:/nxp/MCUXpressoIDE_11.10.0_3148/ide/plugins/com.nxp.mcuxpresso.tools.win32_11.10.0.202311280810/tools/bin/../lib/gcc/arm-none-eabi/13.2.1/../../../../arm-none-eabi/lib/thumb/v8-m.main/nofp\libcr_c.a(strlen.o)
 .debug_ranges  0x00000ba0       0x30 C:/nxp/MCUXpressoIDE_11.10.0_3148/ide/plugins/com.nxp.mcuxpresso.tools.win32_11.10.0.202311280810/tools/bin/../lib/gcc/arm-none-eabi/13.2.1/../../../../arm-none-eabi/lib/thumb/v8-m.main/nofp\libcr_c.a(_deferredlazyseek.o)
 .debug_ranges  0x00000bd0       0x10 C:/nxp/MCUXpressoIDE_11.10.0_3148/ide/plugins/com.nxp.mcuxpresso.tools.win32_11.10.0.202311280810/tools/bin/../lib/gcc/arm-none-eabi/13.2.1/../../../../arm-none-eabi/lib/thumb/v8-m.main/nofp\libcr_c.a(_fdopen.o)
 .debug_ranges  0x00000be0       0x10 C:/nxp/MCUXpressoIDE_11.10.0_3148/ide/plugins/com.nxp.mcuxpresso.tools.win32_11.10.0.202311280810/tools/bin/../lib/gcc/arm-none-eabi/13.2.1/../../../../arm-none-eabi/lib/thumb/v8-m.main/nofp\libcr_c.a(_fflush.o)
 .debug_ranges  0x00000bf0       0x10 C:/nxp/MCUXpressoIDE_11.10.0_3148/ide/plugins/com.nxp.mcuxpresso.tools.win32_11.10.0.202311280810/tools/bin/../lib/gcc/arm-none-eabi/13.2.1/../../../../arm-none-eabi/lib/thumb/v8-m.main/nofp\libcr_c.a(_writebuf.o)
 .debug_ranges  0x00000c00       0x10 C:/nxp/MCUXpressoIDE_11.10.0_3148/ide/plugins/com.nxp.mcuxpresso.tools.win32_11.10.0.202311280810/tools/bin/../lib/gcc/arm-none-eabi/13.2.1/../../../../arm-none-eabi/lib/thumb/v8-m.main/nofp\libcr_c.a(fclose.o)
 .debug_ranges  0x00000c10       0x28 C:/nxp/MCUXpressoIDE_11.10.0_3148/ide/plugins/com.nxp.mcuxpresso.tools.win32_11.10.0.202311280810/tools/bin/../lib/gcc/arm-none-eabi/13.2.1/../../../../arm-none-eabi/lib/thumb/v8-m.main/nofp\libcr_c.a(fflush.o)
 .debug_ranges  0x00000c38       0x10 C:/nxp/MCUXpressoIDE_11.10.0_3148/ide/plugins/com.nxp.mcuxpresso.tools.win32_11.10.0.202311280810/tools/bin/../lib/gcc/arm-none-eabi/13.2.1/../../../../arm-none-eabi/lib/thumb/v8-m.main/nofp\libcr_c.a(fseek.o)
 .debug_ranges  0x00000c48       0x10 C:/nxp/MCUXpressoIDE_11.10.0_3148/ide/plugins/com.nxp.mcuxpresso.tools.win32_11.10.0.202311280810/tools/bin/../lib/gcc/arm-none-eabi/13.2.1/../../../../arm-none-eabi/lib/thumb/v8-m.main/nofp\libcr_c.a(ftell.o)
 .debug_ranges  0x00000c58       0x18 C:/nxp/MCUXpressoIDE_11.10.0_3148/ide/plugins/com.nxp.mcuxpresso.tools.win32_11.10.0.202311280810/tools/bin/../lib/gcc/arm-none-eabi/13.2.1/../../../../arm-none-eabi/lib/thumb/v8-m.main/nofp\libcr_c.a(remove.o)
 .debug_ranges  0x00000c70       0x28 C:/nxp/MCUXpressoIDE_11.10.0_3148/ide/plugins/com.nxp.mcuxpresso.tools.win32_11.10.0.202311280810/tools/bin/../lib/gcc/arm-none-eabi/13.2.1/../../../../arm-none-eabi/lib/thumb/v8-m.main/nofp\libcr_c.a(_do_fflush.o)
 .debug_ranges  0x00000c98       0x10 C:/nxp/MCUXpressoIDE_11.10.0_3148/ide/plugins/com.nxp.mcuxpresso.tools.win32_11.10.0.202311280810/tools/bin/../lib/gcc/arm-none-eabi/13.2.1/../../../../arm-none-eabi/lib/thumb/v8-m.main/nofp\libcr_nohost_nf.a(__sys_close.o)
 .debug_ranges  0x00000ca8       0x10 C:/nxp/MCUXpressoIDE_11.10.0_3148/ide/plugins/com.nxp.mcuxpresso.tools.win32_11.10.0.202311280810/tools/bin/../lib/gcc/arm-none-eabi/13.2.1/../../../../arm-none-eabi/lib/thumb/v8-m.main/nofp\libcr_nohost_nf.a(__sys_flen.o)
 .debug_ranges  0x00000cb8       0x10 C:/nxp/MCUXpressoIDE_11.10.0_3148/ide/plugins/com.nxp.mcuxpresso.tools.win32_11.10.0.202311280810/tools/bin/../lib/gcc/arm-none-eabi/13.2.1/../../../../arm-none-eabi/lib/thumb/v8-m.main/nofp\libcr_nohost_nf.a(__sys_istty.o)
 .debug_ranges  0x00000cc8       0x10 C:/nxp/MCUXpressoIDE_11.10.0_3148/ide/plugins/com.nxp.mcuxpresso.tools.win32_11.10.0.202311280810/tools/bin/../lib/gcc/arm-none-eabi/13.2.1/../../../../arm-none-eabi/lib/thumb/v8-m.main/nofp\libcr_nohost_nf.a(__sys_remove.o)
 .debug_ranges  0x00000cd8       0x10 C:/nxp/MCUXpressoIDE_11.10.0_3148/ide/plugins/com.nxp.mcuxpresso.tools.win32_11.10.0.202311280810/tools/bin/../lib/gcc/arm-none-eabi/13.2.1/../../../../arm-none-eabi/lib/thumb/v8-m.main/nofp\libcr_nohost_nf.a(__sys_seek.o)
 .debug_ranges  0x00000ce8       0x10 C:/nxp/MCUXpressoIDE_11.10.0_3148/ide/plugins/com.nxp.mcuxpresso.tools.win32_11.10.0.202311280810/tools/bin/../lib/gcc/arm-none-eabi/13.2.1/../../../../arm-none-eabi/lib/thumb/v8-m.main/nofp\libcr_nohost_nf.a(__sys_tmpnam.o)
 .debug_ranges  0x00000cf8       0x10 C:/nxp/MCUXpressoIDE_11.10.0_3148/ide/plugins/com.nxp.mcuxpresso.tools.win32_11.10.0.202311280810/tools/bin/../lib/gcc/arm-none-eabi/13.2.1/../../../../arm-none-eabi/lib/thumb/v8-m.main/nofp\libcr_nohost_nf.a(__sys_write.o)

.debug_macro    0x00000000    0x1628d
 .debug_macro   0x00000000      0x146 ./utilities/fsl_assert.o
 .debug_macro   0x00000146      0xb02 ./utilities/fsl_assert.o
 .debug_macro   0x00000c48       0x10 ./utilities/fsl_assert.o
 .debug_macro   0x00000c58       0x1c ./utilities/fsl_assert.o
 .debug_macro   0x00000c74       0x22 ./utilities/fsl_assert.o
 .debug_macro   0x00000c96      0x12e ./utilities/fsl_assert.o
 .debug_macro   0x00000dc4      0x5b3 ./utilities/fsl_assert.o
 .debug_macro   0x00001377       0x22 ./utilities/fsl_assert.o
 .debug_macro   0x00001399       0x10 ./utilities/fsl_assert.o
 .debug_macro   0x000013a9       0x46 ./utilities/fsl_assert.o
 .debug_macro   0x000013ef       0x1c ./utilities/fsl_assert.o
 .debug_macro   0x0000140b       0x2a ./utilities/fsl_assert.o
 .debug_macro   0x00001435       0xdf ./utilities/fsl_assert.o
 .debug_macro   0x00001514     0x1543 ./utilities/fsl_assert.o
 .debug_macro   0x00002a57       0x2e ./utilities/fsl_assert.o
 .debug_macro   0x00002a85    0x11612 ./utilities/fsl_assert.o
 .debug_macro   0x00014097      0x766 ./utilities/fsl_assert.o
 .debug_macro   0x000147fd       0x88 ./utilities/fsl_assert.o
 .debug_macro   0x00014885       0xaf ./utilities/fsl_assert.o
 .debug_macro   0x00014934       0xd9 ./utilities/fsl_assert.o
 .debug_macro   0x00014a0d       0x16 ./utilities/fsl_assert.o
 .debug_macro   0x00014a23       0x7b ./utilities/fsl_assert.o
 .debug_macro   0x00014a9e       0x1c ./utilities/fsl_assert.o
 .debug_macro   0x00014aba       0x1c ./utilities/fsl_assert.o
 .debug_macro   0x00014ad6       0x34 ./utilities/fsl_assert.o
 .debug_macro   0x00014b0a      0x16c ./utilities/fsl_debug_console.o
 .debug_macro   0x00014c76       0x16 ./utilities/fsl_debug_console.o
 .debug_macro   0x00014c8c       0x10 ./utilities/fsl_debug_console.o
 .debug_macro   0x00014c9c       0x28 ./utilities/fsl_debug_console.o
 .debug_macro   0x00014cc4       0xc4 ./utilities/fsl_debug_console.o
 .debug_macro   0x00014d88       0x16 ./utilities/fsl_debug_console.o
 .debug_macro   0x00014d9e       0x47 ./utilities/fsl_debug_console.o
 .debug_macro   0x00014de5       0x29 ./startup/startup_mcxa153.o
 .debug_macro   0x00014e0e      0x1d6 ./source/lpi2c_polling_b2b_master.o
 .debug_macro   0x00014fe4       0xd8 ./source/lpi2c_polling_b2b_master.o
 .debug_macro   0x000150bc       0x23 ./source/lpi2c_polling_b2b_master.o
 .debug_macro   0x000150df       0x16 ./source/lpi2c_polling_b2b_master.o
 .debug_macro   0x000150f5      0x100 ./source/lpi2c_polling_b2b_master.o
 .debug_macro   0x000151f5       0x16 ./source/lpi2c_polling_b2b_master.o
 .debug_macro   0x0001520b       0x52 ./source/lpi2c_polling_b2b_master.o
 .debug_macro   0x0001525d       0x10 ./source/lpi2c_polling_b2b_master.o
 .debug_macro   0x0001526d       0x5e ./source/lpi2c_polling_b2b_master.o
 .debug_macro   0x000152cb       0x11 ./source/semihost_hardfault.o
 .debug_macro   0x000152dc      0x12b ./drivers/fsl_clock.o
 .debug_macro   0x00015407      0x13f ./drivers/fsl_lpi2c.o
 .debug_macro   0x00015546       0x16 ./drivers/fsl_lpi2c.o
 .debug_macro   0x0001555c       0x1c ./drivers/fsl_lpi2c.o
 .debug_macro   0x00015578       0x10 ./drivers/fsl_lpi2c.o
 .debug_macro   0x00015588      0x140 ./drivers/fsl_lpuart.o
 .debug_macro   0x000156c8       0x10 ./drivers/fsl_lpuart.o
 .debug_macro   0x000156d8      0x137 ./drivers/fsl_reset.o
 .debug_macro   0x0001580f      0x13a ./drivers/fsl_spc.o
 .debug_macro   0x00015949       0x2e ./drivers/fsl_spc.o
 .debug_macro   0x00015977      0x141 ./drivers/i2c_common.o
 .debug_macro   0x00015ab8       0x98 ./device/system_MCXA153.o
 .debug_macro   0x00015b50      0x159 ./component/uart/fsl_adapter_lpuart.o
 .debug_macro   0x00015ca9       0x41 ./component/uart/fsl_adapter_lpuart.o
 .debug_macro   0x00015cea      0x16d ./board/board.o
 .debug_macro   0x00015e57       0x29 ./board/board.o
 .debug_macro   0x00015e80      0x141 ./board/clock_config.o
 .debug_macro   0x00015fc1       0x34 ./board/clock_config.o
 .debug_macro   0x00015ff5      0x138 ./board/pin_mux.o
 .debug_macro   0x0001612d       0x16 ./board/pin_mux.o
 .debug_macro   0x00016143      0x14a ./CMSIS/usb_pdo.o

.debug_line     0x00000000     0xa229
 .debug_line    0x00000000      0x3c6 ./utilities/fsl_assert.o
 .debug_line    0x000003c6      0x872 ./utilities/fsl_debug_console.o
 .debug_line    0x00000c38       0x89 ./utilities/fsl_memcpy.o
 .debug_line    0x00000cc1      0x8ff ./startup/startup_mcxa153.o
 .debug_line    0x000015c0      0x65e ./source/lpi2c_polling_b2b_master.o
 .debug_line    0x00001c1e       0x59 ./source/semihost_hardfault.o
 .debug_line    0x00001c77     0x11cb ./drivers/fsl_clock.o
 .debug_line    0x00002e42     0x17d5 ./drivers/fsl_lpi2c.o
 .debug_line    0x00004617     0x15f7 ./drivers/fsl_lpuart.o
 .debug_line    0x00005c0e      0x405 ./drivers/fsl_reset.o
 .debug_line    0x00006013      0xa26 ./drivers/fsl_spc.o
 .debug_line    0x00006a39      0x462 ./drivers/i2c_common.o
 .debug_line    0x00006e9b      0x31c ./device/system_MCXA153.o
 .debug_line    0x000071b7      0x565 ./component/uart/fsl_adapter_lpuart.o
 .debug_line    0x0000771c      0x40e ./board/board.o
 .debug_line    0x00007b2a      0x599 ./board/clock_config.o
 .debug_line    0x000080c3      0x460 ./board/pin_mux.o
 .debug_line    0x00008523      0x44d ./CMSIS/usb_pdo.o
 .debug_line    0x00008970       0xc4 C:/nxp/MCUXpressoIDE_11.10.0_3148/ide/plugins/com.nxp.mcuxpresso.tools.win32_11.10.0.202311280810/tools/bin/../lib/gcc/arm-none-eabi/13.2.1/../../../../arm-none-eabi/lib/thumb/v8-m.main/nofp\libcr_nohost_nf.a(_cr__main.o)
 .debug_line    0x00008a34       0x7b C:/nxp/MCUXpressoIDE_11.10.0_3148/ide/plugins/com.nxp.mcuxpresso.tools.win32_11.10.0.202311280810/tools/bin/../lib/gcc/arm-none-eabi/13.2.1/../../../../arm-none-eabi/lib/thumb/v8-m.main/nofp\libcr_c.a(memset.o)
 .debug_line    0x00008aaf      0x37d C:/nxp/MCUXpressoIDE_11.10.0_3148/ide/plugins/com.nxp.mcuxpresso.tools.win32_11.10.0.202311280810/tools/bin/../lib/gcc/arm-none-eabi/13.2.1/../../../../arm-none-eabi/lib/thumb/v8-m.main/nofp\libcr_c.a(alloc.o)
 .debug_line    0x00008e2c       0x4e C:/nxp/MCUXpressoIDE_11.10.0_3148/ide/plugins/com.nxp.mcuxpresso.tools.win32_11.10.0.202311280810/tools/bin/../lib/gcc/arm-none-eabi/13.2.1/../../../../arm-none-eabi/lib/thumb/v8-m.main/nofp\libcr_c.a(errno.o)
 .debug_line    0x00008e7a      0x149 C:/nxp/MCUXpressoIDE_11.10.0_3148/ide/plugins/com.nxp.mcuxpresso.tools.win32_11.10.0.202311280810/tools/bin/../lib/gcc/arm-none-eabi/13.2.1/../../../../arm-none-eabi/lib/thumb/v8-m.main/nofp\libcr_c.a(initio.o)
 .debug_line    0x00008fc3       0xec C:/nxp/MCUXpressoIDE_11.10.0_3148/ide/plugins/com.nxp.mcuxpresso.tools.win32_11.10.0.202311280810/tools/bin/../lib/gcc/arm-none-eabi/13.2.1/../../../../arm-none-eabi/lib/thumb/v8-m.main/nofp\libcr_c.a(setvbuf.o)
 .debug_line    0x000090af      0x109 C:/nxp/MCUXpressoIDE_11.10.0_3148/ide/plugins/com.nxp.mcuxpresso.tools.win32_11.10.0.202311280810/tools/bin/../lib/gcc/arm-none-eabi/13.2.1/../../../../arm-none-eabi/lib/thumb/v8-m.main/nofp\libcr_c.a(strlen.o)
 .debug_line    0x000091b8      0x2e9 C:/nxp/MCUXpressoIDE_11.10.0_3148/ide/plugins/com.nxp.mcuxpresso.tools.win32_11.10.0.202311280810/tools/bin/../lib/gcc/arm-none-eabi/13.2.1/../../../../arm-none-eabi/lib/thumb/v8-m.main/nofp\libcr_c.a(_deferredlazyseek.o)
 .debug_line    0x000094a1      0x11c C:/nxp/MCUXpressoIDE_11.10.0_3148/ide/plugins/com.nxp.mcuxpresso.tools.win32_11.10.0.202311280810/tools/bin/../lib/gcc/arm-none-eabi/13.2.1/../../../../arm-none-eabi/lib/thumb/v8-m.main/nofp\libcr_c.a(_fdopen.o)